{
  _type: 'element',
  tags: null,
  links: null,
  _stage: 'layouted',
  sourcePath: 'forms.likec4',
  description: null,
  title: 'Defra Forms - internals',
  id: 'index',
  autoLayout: {
    direction: 'LR',
    nodeSep: 110,
    rankSep: 150,
  },
  hash: 'YrwaB59m7YSTFm1WpGxL54vXKqSnZb2clLzdRQomXCo',
  bounds: {
    x: -4123,
    y: -1019,
    width: 6948,
    height: 5128,
  },
  nodes: [
    {
      id: 'worker',
      parent: null,
      level: 0,
      children: [],
      inEdges: [],
      outEdges: [
        '140vq9l',
      ],
      title: 'Defra worker',
      modelRef: 'worker',
      shape: 'person',
      color: 'primary',
      style: {
        opacity: 15,
        size: 'md',
      },
      tags: [],
      kind: 'actor',
      x: -2620,
      y: -999,
      width: 320,
      height: 180,
      labelBBox: {
        x: 101,
        y: 76,
        width: 118,
        height: 24,
      },
      navigateTo: null,
      links: null,
    },
    {
      id: 'citizen',
      parent: null,
      level: 0,
      children: [],
      inEdges: [],
      outEdges: [
        'l8n5z0',
      ],
      title: 'Citizen',
      modelRef: 'citizen',
      shape: 'person',
      color: 'primary',
      style: {
        opacity: 15,
        size: 'md',
      },
      tags: [],
      kind: 'actor',
      x: -47,
      y: -992,
      width: 320,
      height: 180,
      labelBBox: {
        x: 127,
        y: 76,
        width: 65,
        height: 24,
      },
      navigateTo: null,
      links: null,
    },
    {
      id: '@gr1',
      parent: null,
      kind: '@group',
      title: 'Designer',
      color: 'primary',
      shape: 'rectangle',
      children: [
        'designer',
        'designerCache',
        'designerAudit',
      ],
      inEdges: [
        '140vq9l',
      ],
      outEdges: [
        '9jl563',
        '5qisl8',
        '1d90ndx',
        '1io3dz3',
        'pje5qo',
      ],
      level: 0,
      depth: 1,
      tags: [],
      style: {
        border: 'dashed',
        opacity: 15,
      },
      x: -2861,
      y: -261,
      width: 814,
      height: 833,
      labelBBox: {
        x: 6,
        y: 0,
        width: 61,
        height: 15,
      },
      navigateTo: null,
      links: null,
    },
    {
      id: '@gr3',
      parent: null,
      kind: '@group',
      title: 'Runner',
      color: 'primary',
      shape: 'rectangle',
      children: [
        'runner',
        'runnerCache',
        'submissions',
      ],
      inEdges: [
        'l8n5z0',
      ],
      outEdges: [
        'qeah3t',
        '1jtk6sp',
        '1x8k50q',
        '1nijq6b',
        'wk9m4h',
        '1xcohk6',
      ],
      level: 0,
      depth: 1,
      tags: [],
      style: {
        border: 'dashed',
        opacity: 15,
      },
      x: -380,
      y: -253,
      width: 1514,
      height: 691,
      labelBBox: {
        x: 6,
        y: 0,
        width: 51,
        height: 15,
      },
      navigateTo: null,
      links: null,
    },
    {
      id: 'designer',
      parent: '@gr1',
      level: 1,
      children: [],
      inEdges: [
        '140vq9l',
      ],
      outEdges: [
        '9jl563',
        '1snjsp2',
        '1smnbzb',
        '5qisl8',
        '1d90ndx',
        '1io3dz3',
      ],
      title: 'Forms Designer',
      modelRef: 'designer',
      shape: 'browser',
      color: 'primary',
      style: {
        opacity: 15,
        size: 'md',
      },
      description: {
        txt: 'frontend',
      },
      tags: [],
      kind: 'app',
      x: -2622,
      y: -201,
      width: 320,
      height: 180,
      labelBBox: {
        x: 87,
        y: 65,
        width: 146,
        height: 47,
      },
      navigateTo: null,
      links: null,
    },
    {
      id: 'runner',
      parent: '@gr3',
      level: 1,
      children: [],
      inEdges: [
        'l8n5z0',
      ],
      outEdges: [
        'qeah3t',
        '1jtk6sp',
        'kjx1pi',
        'jdc281',
        '1x8k50q',
        '1xcohk6',
      ],
      title: 'Forms Runner',
      modelRef: 'runner',
      shape: 'browser',
      color: 'primary',
      style: {
        opacity: 15,
        size: 'md',
      },
      description: {
        txt: 'frontend',
      },
      tags: [],
      technology: 'forms-engine-plugin',
      kind: 'app',
      x: -46,
      y: -193,
      width: 320,
      height: 180,
      labelBBox: {
        x: 94,
        y: 55,
        width: 132,
        height: 67,
      },
      navigateTo: null,
      links: null,
    },
    {
      id: 'aad',
      parent: null,
      level: 0,
      children: [],
      inEdges: [
        '9jl563',
      ],
      outEdges: [],
      title: 'Azure Entra (AAD)',
      modelRef: 'aad',
      shape: 'rectangle',
      color: 'gray',
      style: {
        opacity: 15,
        size: 'md',
      },
      tags: [
        'thirdparty',
      ],
      kind: 'external',
      x: -2607,
      y: 3909,
      width: 320,
      height: 180,
      labelBBox: {
        x: 75,
        y: 76,
        width: 170,
        height: 24,
      },
      navigateTo: null,
      links: null,
    },
    {
      id: 'designerCache',
      parent: '@gr1',
      level: 1,
      children: [],
      inEdges: [
        '1snjsp2',
      ],
      outEdges: [],
      title: 'Cache',
      modelRef: 'designerCache',
      shape: 'cylinder',
      color: 'amber',
      icon: 'tech:redis',
      style: {
        opacity: 15,
        size: 'md',
      },
      tags: [],
      kind: 'cache',
      x: -2819,
      y: 350,
      width: 320,
      height: 180,
      labelBBox: {
        x: 115,
        y: 76,
        width: 120,
        height: 24,
      },
      navigateTo: null,
      links: null,
    },
    {
      id: 'designerAudit',
      parent: '@gr1',
      level: 1,
      children: [],
      inEdges: [
        '1smnbzb',
      ],
      outEdges: [
        'pje5qo',
      ],
      title: 'Audit records',
      modelRef: 'designerAudit',
      shape: 'cylinder',
      color: 'amber',
      icon: 'tech:aws-dynamodb',
      style: {
        opacity: 15,
        size: 'md',
      },
      tags: [],
      kind: 'db',
      x: -2409,
      y: 344,
      width: 320,
      height: 180,
      labelBBox: {
        x: 85,
        y: 76,
        width: 180,
        height: 24,
      },
      navigateTo: null,
      links: null,
    },
    {
      id: 'cdpUploader',
      parent: null,
      level: 0,
      children: [],
      inEdges: [
        'qeah3t',
      ],
      outEdges: [
        '15dn8mx',
      ],
      title: 'Defra file upload service',
      modelRef: 'cdpUploader',
      shape: 'rectangle',
      color: 'gray',
      style: {
        opacity: 15,
        size: 'md',
      },
      description: {
        txt: 'CDP uploader - scans, delivers to S3, calls back',
      },
      tags: [
        'thirdparty',
      ],
      kind: 'external',
      x: -46,
      y: 1059,
      width: 324,
      height: 180,
      labelBBox: {
        x: 18,
        y: 56,
        width: 288,
        height: 65,
      },
      navigateTo: null,
      links: null,
    },
    {
      id: '@gr2',
      parent: null,
      kind: '@group',
      title: 'Manager',
      color: 'primary',
      shape: 'rectangle',
      children: [
        'manager',
        'managerDb',
        'managerAudit',
      ],
      inEdges: [
        '5qisl8',
        '1jtk6sp',
      ],
      outEdges: [
        'bgzk5v',
        '1pdpahy',
      ],
      level: 0,
      depth: 1,
      tags: [],
      style: {
        border: 'dashed',
        opacity: 15,
      },
      x: -1596,
      y: -248,
      width: 813,
      height: 795,
      labelBBox: {
        x: 6,
        y: 0,
        width: 61,
        height: 15,
      },
      navigateTo: null,
      links: null,
    },
    {
      id: 'runnerCache',
      parent: '@gr3',
      level: 1,
      children: [],
      inEdges: [
        'kjx1pi',
      ],
      outEdges: [],
      title: 'Cache',
      modelRef: 'runnerCache',
      shape: 'cylinder',
      color: 'amber',
      icon: 'tech:redis',
      style: {
        opacity: 15,
        size: 'md',
      },
      tags: [],
      kind: 'cache',
      x: -338,
      y: 216,
      width: 320,
      height: 180,
      labelBBox: {
        x: 116,
        y: 76,
        width: 119,
        height: 24,
      },
      navigateTo: null,
      links: null,
    },
    {
      id: 'submissions',
      parent: '@gr3',
      level: 1,
      children: [],
      inEdges: [
        'jdc281',
      ],
      outEdges: [
        '1nijq6b',
        'wk9m4h',
      ],
      title: 'Submissions',
      modelRef: 'submissions',
      shape: 'queue',
      color: 'green',
      icon: 'tech:aws-sns',
      style: {
        opacity: 15,
        size: 'md',
      },
      tags: [],
      kind: 'topic',
      x: 772,
      y: -178,
      width: 320,
      height: 172,
      labelBBox: {
        x: 88,
        y: 72,
        width: 185,
        height: 24,
      },
      navigateTo: null,
      links: null,
    },
    {
      id: '@gr9',
      parent: null,
      kind: '@group',
      title: 'Example',
      color: 'primary',
      shape: 'rectangle',
      children: [
        'exTopic',
        'exQueue',
        'exListener',
        'externalApi',
      ],
      inEdges: [
        '1xcohk6',
      ],
      outEdges: [],
      level: 0,
      depth: 1,
      tags: [],
      style: {
        border: 'dashed',
        opacity: 15,
      },
      x: 828,
      y: 707,
      width: 1977,
      height: 289,
      labelBBox: {
        x: 6,
        y: 0,
        width: 57,
        height: 15,
      },
      navigateTo: null,
      links: null,
    },
    {
      id: '@gr5',
      parent: null,
      kind: '@group',
      title: 'Submission',
      color: 'primary',
      shape: 'rectangle',
      children: [
        'submissionApi',
        'submissionMeta',
        'submissionFiles',
      ],
      inEdges: [
        '15dn8mx',
        '1io3dz3',
        '1x8k50q',
      ],
      outEdges: [],
      level: 0,
      depth: 1,
      tags: [],
      style: {
        border: 'dashed',
        opacity: 15,
      },
      x: -1735,
      y: 1009,
      width: 896,
      height: 764,
      labelBBox: {
        x: 6,
        y: 0,
        width: 74,
        height: 15,
      },
      navigateTo: null,
      links: null,
    },
    {
      id: 'manager',
      parent: '@gr2',
      level: 1,
      children: [],
      inEdges: [
        '5qisl8',
        '1jtk6sp',
      ],
      outEdges: [
        '201t0s',
        '14pxzwn',
        'bgzk5v',
      ],
      title: 'Forms Manager',
      modelRef: 'manager',
      shape: 'rectangle',
      color: 'primary',
      style: {
        opacity: 15,
        size: 'md',
      },
      description: {
        txt: 'backend',
      },
      tags: [],
      kind: 'service',
      x: -1370,
      y: -188,
      width: 320,
      height: 180,
      labelBBox: {
        x: 87,
        y: 65,
        width: 145,
        height: 47,
      },
      navigateTo: null,
      links: null,
    },
    {
      id: '@gr7',
      parent: null,
      kind: '@group',
      title: 'Notify',
      color: 'primary',
      shape: 'rectangle',
      children: [
        'notifyQueue',
        'notifyListener',
      ],
      inEdges: [
        '1nijq6b',
      ],
      outEdges: [
        '187h6wa',
      ],
      level: 0,
      depth: 1,
      tags: [],
      style: {
        border: 'dashed',
        opacity: 15,
      },
      x: 1359,
      y: 23,
      width: 951,
      height: 282,
      labelBBox: {
        x: 5,
        y: 0,
        width: 44,
        height: 15,
      },
      navigateTo: null,
      links: null,
    },
    {
      id: '@gr8',
      parent: null,
      kind: '@group',
      title: 'Sharepoint',
      color: 'primary',
      shape: 'rectangle',
      children: [
        'sharepointQueue',
        'sharepointListener',
      ],
      inEdges: [
        'wk9m4h',
      ],
      outEdges: [
        '1nr5h0s',
      ],
      level: 0,
      depth: 1,
      tags: [],
      style: {
        border: 'dashed',
        opacity: 15,
      },
      x: 1382,
      y: -672,
      width: 906,
      height: 285,
      labelBBox: {
        x: 6,
        y: 0,
        width: 76,
        height: 15,
      },
      navigateTo: null,
      links: null,
    },
    {
      id: 'exTopic',
      parent: '@gr9',
      level: 1,
      children: [],
      inEdges: [
        '1xcohk6',
      ],
      outEdges: [
        'rj8vtm',
      ],
      title: '[topic]',
      modelRef: 'exTopic',
      shape: 'queue',
      color: 'muted',
      icon: 'tech:aws-sns',
      style: {
        opacity: 40,
        size: 'md',
        border: 'dotted',
      },
      tags: [
        'example',
      ],
      kind: 'topic',
      x: 870,
      y: 782,
      width: 320,
      height: 172,
      labelBBox: {
        x: 118,
        y: 72,
        width: 125,
        height: 24,
      },
      navigateTo: null,
      links: null,
    },
    {
      id: 'submissionApi',
      parent: '@gr5',
      level: 1,
      children: [],
      inEdges: [
        '15dn8mx',
        '1io3dz3',
        '1x8k50q',
      ],
      outEdges: [
        '7sijkf',
        '17ydypz',
      ],
      title: 'Forms submission API',
      modelRef: 'submissionApi',
      shape: 'rectangle',
      color: 'primary',
      style: {
        opacity: 15,
        size: 'md',
      },
      description: {
        txt: 'backend',
      },
      tags: [],
      kind: 'service',
      x: -1435,
      y: 1069,
      width: 320,
      height: 180,
      labelBBox: {
        x: 58,
        y: 65,
        width: 204,
        height: 47,
      },
      navigateTo: null,
      links: null,
    },
    {
      id: 'managerDb',
      parent: '@gr2',
      level: 1,
      children: [],
      inEdges: [
        '201t0s',
      ],
      outEdges: [],
      title: 'DB',
      modelRef: 'managerDb',
      shape: 'cylinder',
      color: 'amber',
      icon: 'tech:mongodb',
      style: {
        opacity: 15,
        size: 'md',
      },
      tags: [],
      kind: 'db',
      x: -1554,
      y: 317,
      width: 320,
      height: 180,
      labelBBox: {
        x: 130,
        y: 76,
        width: 90,
        height: 24,
      },
      navigateTo: null,
      links: null,
    },
    {
      id: 'managerAudit',
      parent: '@gr2',
      level: 1,
      children: [],
      inEdges: [
        '14pxzwn',
      ],
      outEdges: [
        '1pdpahy',
      ],
      title: 'Audit records',
      modelRef: 'managerAudit',
      shape: 'cylinder',
      color: 'amber',
      icon: 'tech:aws-dynamodb',
      style: {
        opacity: 15,
        size: 'md',
      },
      tags: [],
      kind: 'db',
      x: -1145,
      y: 325,
      width: 320,
      height: 180,
      labelBBox: {
        x: 85,
        y: 76,
        width: 180,
        height: 24,
      },
      navigateTo: null,
      links: null,
    },
    {
      id: '@gr4',
      parent: null,
      kind: '@group',
      title: 'Entitlements',
      color: 'primary',
      shape: 'rectangle',
      children: [
        'entitlements',
        'entitlementsDb',
        'entitlementsAudit',
      ],
      inEdges: [
        '1d90ndx',
        'bgzk5v',
      ],
      outEdges: [
        'fljmf3',
      ],
      level: 0,
      depth: 1,
      tags: [],
      style: {
        border: 'dashed',
        opacity: 15,
      },
      x: -4103,
      y: -260,
      width: 824,
      height: 829,
      labelBBox: {
        x: 6,
        y: 0,
        width: 88,
        height: 15,
      },
      navigateTo: null,
      links: null,
    },
    {
      id: 'notifyQueue',
      parent: '@gr7',
      level: 1,
      children: [],
      inEdges: [
        '1nijq6b',
      ],
      outEdges: [
        '1nwabxh',
      ],
      title: 'Notify queue w/ DLQ',
      modelRef: 'notifyQueue',
      shape: 'queue',
      color: 'green',
      icon: 'tech:aws-sqs',
      style: {
        opacity: 15,
        size: 'md',
      },
      tags: [],
      kind: 'queue',
      x: 1401,
      y: 83,
      width: 328,
      height: 172,
      labelBBox: {
        x: 56,
        y: 72,
        width: 256,
        height: 24,
      },
      navigateTo: null,
      links: null,
    },
    {
      id: 'sharepointQueue',
      parent: '@gr8',
      level: 1,
      children: [],
      inEdges: [
        'wk9m4h',
      ],
      outEdges: [
        '1ihhap1',
      ],
      title: 'Sharepoint queue w/ DLQ',
      modelRef: 'sharepointQueue',
      shape: 'queue',
      color: 'green',
      icon: 'tech:aws-sqs',
      style: {
        opacity: 15,
        size: 'md',
      },
      tags: [],
      kind: 'queue',
      x: 1424,
      y: -612,
      width: 374,
      height: 172,
      labelBBox: {
        x: 56,
        y: 72,
        width: 302,
        height: 24,
      },
      navigateTo: null,
      links: null,
    },
    {
      id: 'exQueue',
      parent: '@gr9',
      level: 1,
      children: [],
      inEdges: [
        'rj8vtm',
      ],
      outEdges: [
        '15qb4rp',
      ],
      title: '[queue] w/ DLQ',
      modelRef: 'exQueue',
      shape: 'queue',
      color: 'muted',
      icon: 'tech:aws-sqs',
      style: {
        opacity: 40,
        size: 'md',
        border: 'dotted',
      },
      tags: [
        'example',
      ],
      kind: 'queue',
      x: 1398,
      y: 777,
      width: 320,
      height: 172,
      labelBBox: {
        x: 74,
        y: 72,
        width: 211,
        height: 24,
      },
      navigateTo: null,
      links: null,
    },
    {
      id: 'submissionMeta',
      parent: '@gr5',
      level: 1,
      children: [],
      inEdges: [
        '7sijkf',
      ],
      outEdges: [],
      title: 'Metadata',
      modelRef: 'submissionMeta',
      shape: 'cylinder',
      color: 'amber',
      icon: 'tech:mongodb',
      style: {
        opacity: 15,
        size: 'md',
      },
      tags: [],
      kind: 'db',
      x: -1201,
      y: 1551,
      width: 320,
      height: 180,
      labelBBox: {
        x: 102,
        y: 76,
        width: 146,
        height: 24,
      },
      navigateTo: null,
      links: null,
    },
    {
      id: 'submissionFiles',
      parent: '@gr5',
      level: 1,
      children: [],
      inEdges: [
        '17ydypz',
      ],
      outEdges: [],
      title: 'Files',
      modelRef: 'submissionFiles',
      shape: 'storage',
      color: 'amber',
      icon: 'aws:simple-storage-service',
      style: {
        opacity: 15,
        size: 'md',
      },
      tags: [],
      kind: 'storage',
      x: -1693,
      y: 1542,
      width: 320,
      height: 180,
      labelBBox: {
        x: 123,
        y: 76,
        width: 104,
        height: 24,
      },
      navigateTo: null,
      links: null,
    },
    {
      id: 'entitlements',
      parent: '@gr4',
      level: 1,
      children: [],
      inEdges: [
        '1d90ndx',
        'bgzk5v',
      ],
      outEdges: [
        'srhang',
        'qigu87',
      ],
      title: 'Forms entitlements API',
      modelRef: 'entitlements',
      shape: 'rectangle',
      color: 'primary',
      style: {
        opacity: 15,
        size: 'md',
      },
      description: {
        txt: 'backend',
      },
      tags: [],
      kind: 'service',
      x: -3855,
      y: -200,
      width: 320,
      height: 180,
      labelBBox: {
        x: 54,
        y: 65,
        width: 212,
        height: 47,
      },
      navigateTo: null,
      links: null,
    },
    {
      id: 'notifyListener',
      parent: '@gr7',
      level: 1,
      children: [],
      inEdges: [
        '1nwabxh',
      ],
      outEdges: [
        '187h6wa',
      ],
      title: 'Forms Notify Listener',
      modelRef: 'notifyListener',
      shape: 'rectangle',
      color: 'primary',
      style: {
        opacity: 15,
        size: 'md',
      },
      tags: [],
      kind: 'listener',
      x: 1948,
      y: 83,
      width: 320,
      height: 180,
      labelBBox: {
        x: 63,
        y: 76,
        width: 194,
        height: 24,
      },
      navigateTo: null,
      links: null,
    },
    {
      id: 'sharepointListener',
      parent: '@gr8',
      level: 1,
      children: [],
      inEdges: [
        '1ihhap1',
      ],
      outEdges: [
        '1nr5h0s',
      ],
      title: 'Forms Sharepoint Listener',
      modelRef: 'sharepointListener',
      shape: 'rectangle',
      color: 'primary',
      style: {
        opacity: 15,
        size: 'md',
      },
      tags: [],
      kind: 'listener',
      x: 1926,
      y: -609,
      width: 320,
      height: 180,
      labelBBox: {
        x: 40,
        y: 76,
        width: 240,
        height: 24,
      },
      navigateTo: null,
      links: null,
    },
    {
      id: 'exListener',
      parent: '@gr9',
      level: 1,
      children: [],
      inEdges: [
        '15qb4rp',
      ],
      outEdges: [
        '1ngnzgs',
      ],
      title: '[ listener ]',
      modelRef: 'exListener',
      shape: 'rectangle',
      color: 'muted',
      style: {
        opacity: 40,
        size: 'md',
        border: 'dotted',
      },
      tags: [
        'example',
      ],
      kind: 'listener',
      x: 1924,
      y: 771,
      width: 320,
      height: 180,
      labelBBox: {
        x: 115,
        y: 76,
        width: 91,
        height: 24,
      },
      navigateTo: null,
      links: null,
    },
    {
      id: 'entitlementsDb',
      parent: '@gr4',
      level: 1,
      children: [],
      inEdges: [
        'srhang',
      ],
      outEdges: [],
      title: 'DB',
      modelRef: 'entitlementsDb',
      shape: 'cylinder',
      color: 'amber',
      icon: 'tech:mongodb',
      style: {
        opacity: 15,
        size: 'md',
      },
      tags: [],
      kind: 'db',
      x: -4061,
      y: 347,
      width: 320,
      height: 180,
      labelBBox: {
        x: 130,
        y: 76,
        width: 90,
        height: 24,
      },
      navigateTo: null,
      links: null,
    },
    {
      id: 'entitlementsAudit',
      parent: '@gr4',
      level: 1,
      children: [],
      inEdges: [
        'qigu87',
      ],
      outEdges: [
        'fljmf3',
      ],
      title: 'Audit records',
      modelRef: 'entitlementsAudit',
      shape: 'cylinder',
      color: 'amber',
      icon: 'tech:aws-dynamodb',
      style: {
        opacity: 15,
        size: 'md',
      },
      tags: [],
      kind: 'db',
      x: -3641,
      y: 342,
      width: 320,
      height: 180,
      labelBBox: {
        x: 85,
        y: 76,
        width: 180,
        height: 24,
      },
      navigateTo: null,
      links: null,
    },
    {
      id: 'govNotify',
      parent: null,
      level: 0,
      children: [],
      inEdges: [
        '187h6wa',
      ],
      outEdges: [],
      title: 'GOV.UK Notify',
      modelRef: 'govNotify',
      shape: 'rectangle',
      color: 'gray',
      style: {
        opacity: 15,
        size: 'md',
      },
      tags: [
        'thirdparty',
      ],
      kind: 'external',
      x: 2458,
      y: 49,
      width: 320,
      height: 180,
      labelBBox: {
        x: 91,
        y: 76,
        width: 138,
        height: 24,
      },
      navigateTo: null,
      links: null,
    },
    {
      id: 'sharepointApi',
      parent: null,
      level: 0,
      children: [],
      inEdges: [
        '1nr5h0s',
      ],
      outEdges: [],
      title: 'Sharepoint API',
      modelRef: 'sharepointApi',
      shape: 'rectangle',
      color: 'gray',
      style: {
        opacity: 15,
        size: 'md',
      },
      tags: [
        'thirdparty',
      ],
      kind: 'external',
      x: 2467,
      y: -618,
      width: 320,
      height: 180,
      labelBBox: {
        x: 91,
        y: 76,
        width: 139,
        height: 24,
      },
      navigateTo: null,
      links: null,
    },
    {
      id: 'externalApi',
      parent: '@gr9',
      level: 1,
      children: [],
      inEdges: [
        '1ngnzgs',
      ],
      outEdges: [],
      title: '[ external API ]',
      modelRef: 'externalApi',
      shape: 'rectangle',
      color: 'muted',
      style: {
        opacity: 40,
        size: 'md',
        border: 'dotted',
      },
      tags: [
        'thirdparty',
        'example',
      ],
      kind: 'external',
      x: 2443,
      y: 767,
      width: 320,
      height: 180,
      labelBBox: {
        x: 92,
        y: 76,
        width: 135,
        height: 24,
      },
      navigateTo: null,
      links: null,
    },
    {
      id: '@gr6',
      parent: null,
      kind: '@group',
      title: 'Audit',
      color: 'primary',
      shape: 'rectangle',
      children: [
        'auditEvents',
        'auditApi',
        'auditMeta',
      ],
      inEdges: [
        'pje5qo',
        '1pdpahy',
        'fljmf3',
      ],
      outEdges: [],
      level: 0,
      depth: 1,
      tags: [],
      style: {
        border: 'dashed',
        opacity: 15,
      },
      x: -1994,
      y: 2071,
      width: 885,
      height: 725,
      labelBBox: {
        x: 6,
        y: 0,
        width: 38,
        height: 15,
      },
      navigateTo: null,
      links: null,
    },
    {
      id: 'auditEvents',
      parent: '@gr6',
      level: 1,
      children: [],
      inEdges: [
        'pje5qo',
        '1pdpahy',
        'fljmf3',
      ],
      outEdges: [
        '1r75nbh',
      ],
      title: 'Audit events',
      modelRef: 'auditEvents',
      shape: 'queue',
      color: 'green',
      icon: 'tech:aws-sns',
      style: {
        opacity: 15,
        size: 'md',
      },
      tags: [],
      kind: 'topic',
      x: -1952,
      y: 2135,
      width: 320,
      height: 172,
      labelBBox: {
        x: 89,
        y: 72,
        width: 182,
        height: 24,
      },
      navigateTo: null,
      links: null,
    },
    {
      id: 'auditApi',
      parent: '@gr6',
      level: 1,
      children: [],
      inEdges: [
        '1r75nbh',
      ],
      outEdges: [
        '1mpxr1r',
      ],
      title: 'Forms audit API',
      modelRef: 'auditApi',
      shape: 'rectangle',
      color: 'primary',
      style: {
        opacity: 15,
        size: 'md',
      },
      description: {
        txt: 'backend',
      },
      tags: [],
      kind: 'service',
      x: -1481,
      y: 2131,
      width: 320,
      height: 180,
      labelBBox: {
        x: 86,
        y: 65,
        width: 147,
        height: 47,
      },
      navigateTo: null,
      links: null,
    },
    {
      id: 'auditMeta',
      parent: '@gr6',
      level: 1,
      children: [],
      inEdges: [
        '1mpxr1r',
      ],
      outEdges: [],
      title: 'Metadata',
      modelRef: 'auditMeta',
      shape: 'cylinder',
      color: 'amber',
      icon: 'tech:mongodb',
      style: {
        opacity: 15,
        size: 'md',
      },
      tags: [],
      kind: 'db',
      x: -1471,
      y: 2574,
      width: 320,
      height: 180,
      labelBBox: {
        x: 103,
        y: 76,
        width: 145,
        height: 24,
      },
      navigateTo: null,
      links: null,
    },
  ],
  edges: [
    {
      id: '140vq9l',
      parent: null,
      source: 'worker',
      target: 'designer',
      label: null,
      relations: [
        'fvvc2g',
      ],
      color: 'gray',
      line: 'dashed',
      head: 'normal',
      points: [
        [
          791,
          3116,
        ],
        [
          860,
          3116,
        ],
        [
          942,
          3116,
        ],
        [
          1012,
          3116,
        ],
      ],
      labelBBox: null,
      controlPoints: [
        {
          x: -2461,
          y: -514,
        },
      ],
      isLabelCustomized: false,
      navigateTo: null,
      tags: null,
    },
    {
      id: '9jl563',
      parent: null,
      source: 'designer',
      target: 'aad',
      label: 'Authentication',
      relations: [
        'uttotq',
      ],
      color: 'gray',
      line: 'dashed',
      head: 'normal',
      points: [
        [
          1266,
          3206,
        ],
        [
          1310,
          3252,
        ],
        [
          1366,
          3308,
        ],
        [
          1420,
          3354,
        ],
        [
          1540,
          3457,
        ],
        [
          1577,
          3476,
        ],
        [
          1710,
          3563,
        ],
        [
          1729,
          3576,
        ],
        [
          1749,
          3588,
        ],
        [
          1770,
          3601,
        ],
      ],
      labelBBox: {
        x: -2450,
        y: 1445,
        width: 93,
        height: 18,
      },
      controlPoints: [
        {
          x: -2460,
          y: 964,
        },
        {
          x: -2455,
          y: 2702,
        },
        {
          x: -2452,
          y: 3197,
        },
      ],
      isLabelCustomized: false,
      navigateTo: null,
      tags: null,
    },
    {
      id: '1snjsp2',
      parent: '@gr1',
      source: 'designer',
      target: 'designerCache',
      label: null,
      relations: [
        '1nyshk3',
      ],
      color: 'gray',
      line: 'dashed',
      head: 'normal',
      points: [
        [
          -2587,
          -44,
        ],
        [
          -2462,
          4,
        ],
        [
          -2289,
          71,
        ],
        [
          -2162,
          120,
        ],
      ],
      labelBBox: null,
      controlPoints: [
        {
          x: -2577,
          y: 213,
        },
      ],
      isLabelCustomized: false,
      navigateTo: null,
      tags: null,
    },
    {
      id: '1smnbzb',
      parent: '@gr1',
      source: 'designer',
      target: 'designerAudit',
      label: null,
      relations: [
        '1cu5y3l',
      ],
      color: 'gray',
      line: 'dashed',
      head: 'normal',
      points: [
        [
          -2587,
          -105,
        ],
        [
          -2463,
          -105,
        ],
        [
          -2290,
          -105,
        ],
        [
          -2163,
          -105,
        ],
      ],
      labelBBox: null,
      controlPoints: [
        {
          x: -2356,
          y: 154,
        },
      ],
      isLabelCustomized: false,
      navigateTo: null,
      tags: null,
    },
    {
      id: '5qisl8',
      parent: null,
      source: 'designer',
      target: 'manager',
      label: 'Publish form',
      relations: [
        '4pgk2i',
      ],
      color: 'gray',
      line: 'dashed',
      head: 'normal',
      points: [
        [
          1216,
          3026,
        ],
        [
          1253,
          2937,
        ],
        [
          1320,
          2803,
        ],
        [
          1420,
          2723,
        ],
        [
          1519,
          2643,
        ],
        [
          1658,
          2598,
        ],
        [
          1767,
          2574,
        ],
      ],
      labelBBox: {
        x: -1426,
        y: -120,
        width: 82,
        height: 18,
      },
      controlPoints: [
        {
          x: -2002,
          y: -115,
        },
        {
          x: -1475,
          y: -114,
        },
      ],
      isLabelCustomized: false,
      navigateTo: null,
      tags: null,
    },
    {
      id: '201t0s',
      parent: '@gr2',
      source: 'manager',
      target: 'managerDb',
      label: null,
      relations: [
        '1qc9l0r',
      ],
      color: 'gray',
      line: 'dashed',
      head: 'normal',
      points: [
        [
          -1204,
          -85,
        ],
        [
          -1150,
          -85,
        ],
        [
          -1090,
          -85,
        ],
        [
          -1036,
          -85,
        ],
      ],
      labelBBox: null,
      controlPoints: [
        {
          x: -1297,
          y: 147,
        },
      ],
      isLabelCustomized: false,
      navigateTo: null,
      tags: null,
    },
    {
      id: '14pxzwn',
      parent: '@gr2',
      source: 'manager',
      target: 'managerAudit',
      label: null,
      relations: [
        'wgr0lj',
      ],
      color: 'gray',
      line: 'dashed',
      head: 'normal',
      points: [
        [
          -1208,
          -175,
        ],
        [
          -1148,
          -210,
        ],
        [
          -1080,
          -250,
        ],
        [
          -1020,
          -285,
        ],
      ],
      labelBBox: null,
      controlPoints: [
        {
          x: -1096,
          y: 156,
        },
      ],
      isLabelCustomized: false,
      navigateTo: null,
      tags: null,
    },
    {
      id: 'l8n5z0',
      parent: null,
      source: 'citizen',
      target: 'runner',
      label: null,
      relations: [
        '1x9xdzw',
      ],
      color: 'gray',
      line: 'dashed',
      head: 'normal',
      points: [
        [
          320,
          1099,
        ],
        [
          365,
          1099,
        ],
        [
          415,
          1099,
        ],
        [
          461,
          1099,
        ],
      ],
      labelBBox: null,
      controlPoints: [
        {
          x: 111,
          y: -513,
        },
      ],
      isLabelCustomized: false,
      navigateTo: null,
      tags: null,
    },
    {
      id: 'qeah3t',
      parent: null,
      source: 'runner',
      target: 'cdpUploader',
      label: 'Upload files',
      relations: [
        '16vmhml',
      ],
      color: 'gray',
      line: 'dashed',
      head: 'normal',
      points: [
        [
          699,
          1189,
        ],
        [
          768,
          1280,
        ],
        [
          880,
          1425,
        ],
        [
          982,
          1545,
        ],
        [
          1016,
          1584,
        ],
        [
          1054,
          1626,
        ],
        [
          1088,
          1663,
        ],
      ],
      labelBBox: {
        x: 110,
        y: 442,
        width: 77,
        height: 18,
      },
      controlPoints: [
        {
          x: 109,
          y: 372,
        },
        {
          x: 110,
          y: 841,
        },
      ],
      isLabelCustomized: false,
      navigateTo: null,
      tags: null,
    },
    {
      id: '1jtk6sp',
      parent: null,
      source: 'runner',
      target: 'manager',
      label: 'Fetch form',
      relations: [
        '1az8mcu',
      ],
      color: 'gray',
      line: 'dashed',
      head: 'normal',
      points: [
        [
          645,
          1189,
        ],
        [
          675,
          1358,
        ],
        [
          762,
          1723,
        ],
        [
          982,
          1928,
        ],
        [
          1220,
          2149,
        ],
        [
          1416,
          1967,
        ],
        [
          1675,
          2164,
        ],
        [
          1773,
          2239,
        ],
        [
          1848,
          2362,
        ],
        [
          1891,
          2449,
        ],
      ],
      labelBBox: {
        x: -613,
        y: -102,
        width: 71,
        height: 18,
      },
      controlPoints: [
        {
          x: -571,
          y: -106,
        },
      ],
      isLabelCustomized: false,
      navigateTo: null,
      tags: null,
    },
    {
      id: 'kjx1pi',
      parent: '@gr3',
      source: 'runner',
      target: 'runnerCache',
      label: null,
      relations: [
        'ttizk7',
      ],
      color: 'gray',
      line: 'dashed',
      head: 'normal',
      points: [
        [
          -28,
          -68,
        ],
        [
          41,
          -68,
        ],
        [
          122,
          -68,
        ],
        [
          192,
          -68,
        ],
      ],
      labelBBox: null,
      controlPoints: [
        {
          x: -27,
          y: 96,
        },
      ],
      isLabelCustomized: false,
      navigateTo: null,
      tags: null,
    },
    {
      id: 'jdc281',
      parent: '@gr3',
      source: 'runner',
      target: 'submissions',
      label: null,
      relations: [
        'a14elj',
      ],
      color: 'gray',
      line: 'dashed',
      head: 'normal',
      points: [
        [
          -28,
          -151,
        ],
        [
          42,
          -187,
        ],
        [
          124,
          -230,
        ],
        [
          194,
          -267,
        ],
      ],
      labelBBox: null,
      controlPoints: [
        {
          x: 513,
          y: -97,
        },
      ],
      isLabelCustomized: false,
      navigateTo: null,
      tags: null,
    },
    {
      id: '1d90ndx',
      parent: null,
      source: 'designer',
      target: 'entitlements',
      label: '[...]',
      relations: [
        '1hcydvl',
        '1jip53i',
      ],
      color: 'gray',
      line: 'dashed',
      head: 'normal',
      points: [
        [
          1342,
          3068,
        ],
        [
          1446,
          3038,
        ],
        [
          1585,
          2999,
        ],
        [
          1710,
          2971,
        ],
        [
          1899,
          2928,
        ],
        [
          2118,
          2889,
        ],
        [
          2265,
          2865,
        ],
      ],
      labelBBox: {
        x: -3150,
        y: -142,
        width: 25,
        height: 18,
      },
      controlPoints: [
        {
          x: -2779,
          y: -118,
        },
        {
          x: -3256,
          y: -117,
        },
      ],
      isLabelCustomized: false,
      navigateTo: null,
      tags: null,
    },
    {
      id: 'bgzk5v',
      parent: null,
      source: 'manager',
      target: 'entitlements',
      label: 'Check entitlements',
      relations: [
        '3b0u8n',
      ],
      color: 'gray',
      line: 'dashed',
      head: 'normal',
      points: [
        [
          2092,
          2638,
        ],
        [
          2149,
          2671,
        ],
        [
          2213,
          2709,
        ],
        [
          2271,
          2743,
        ],
      ],
      labelBBox: {
        x: 2200,
        y: 991,
        width: 123,
        height: 18,
      },
      controlPoints: [
        {
          x: -1865,
          y: -496,
        },
        {
          x: -2864,
          y: -514,
        },
      ],
      isLabelCustomized: false,
      navigateTo: null,
      tags: null,
    },
    {
      id: 'srhang',
      parent: '@gr4',
      source: 'entitlements',
      target: 'entitlementsDb',
      label: null,
      relations: [
        '1csvuum',
      ],
      color: 'gray',
      line: 'dashed',
      head: 'normal',
      points: [
        [
          -3788,
          -48,
        ],
        [
          -3732,
          -14,
        ],
        [
          -3669,
          25,
        ],
        [
          -3613,
          60,
        ],
      ],
      labelBBox: null,
      controlPoints: [
        {
          x: -3795,
          y: 159,
        },
      ],
      isLabelCustomized: false,
      navigateTo: null,
      tags: null,
    },
    {
      id: 'qigu87',
      parent: '@gr4',
      source: 'entitlements',
      target: 'entitlementsAudit',
      label: null,
      relations: [
        'bv4otg',
      ],
      color: 'gray',
      line: 'dashed',
      head: 'normal',
      points: [
        [
          -3775,
          -138,
        ],
        [
          -3730,
          -138,
        ],
        [
          -3681,
          -139,
        ],
        [
          -3635,
          -139,
        ],
      ],
      labelBBox: null,
      controlPoints: [
        {
          x: -3588,
          y: 151,
        },
      ],
      isLabelCustomized: false,
      navigateTo: null,
      tags: null,
    },
    {
      id: '15dn8mx',
      parent: null,
      source: 'cdpUploader',
      target: 'submissionApi',
      label: 'Scan, deliver to S3 and make a callback',
      relations: [
        'fiyeqh',
      ],
      color: 'gray',
      line: 'dashed',
      head: 'normal',
      points: [
        [
          1344,
          1804,
        ],
        [
          1469,
          1838,
        ],
        [
          1641,
          1885,
        ],
        [
          1767,
          1919,
        ],
      ],
      labelBBox: {
        x: -308,
        y: 1134,
        width: 253,
        height: 18,
      },
      controlPoints: [
        {
          x: -398,
          y: 1148,
        },
      ],
      isLabelCustomized: false,
      navigateTo: null,
      tags: null,
    },
    {
      id: '1io3dz3',
      parent: null,
      source: 'designer',
      target: 'submissionApi',
      label: 'Retrieve files submitted by users',
      relations: [
        '8i6lg5',
      ],
      color: 'gray',
      line: 'dashed',
      head: 'normal',
      points: [
        [
          1206,
          3026,
        ],
        [
          1260,
          2829,
        ],
        [
          1414,
          2352,
        ],
        [
          1710,
          2080,
        ],
        [
          1727,
          2064,
        ],
        [
          1747,
          2050,
        ],
        [
          1768,
          2037,
        ],
      ],
      labelBBox: {
        x: -1794,
        y: 580,
        width: 206,
        height: 18,
      },
      controlPoints: [
        {
          x: -1881,
          y: 149,
        },
        {
          x: -1792,
          y: 846,
        },
        {
          x: -1778,
          y: 1175,
        },
        {
          x: -1585,
          y: 1193,
        },
      ],
      isLabelCustomized: false,
      navigateTo: null,
      tags: null,
    },
    {
      id: '1x8k50q',
      parent: null,
      source: 'runner',
      target: 'submissionApi',
      label: 'Persist files',
      relations: [
        '108wazx',
      ],
      color: 'gray',
      line: 'dashed',
      head: 'normal',
      points: [
        [
          -461,
          419,
        ],
        [
          -699,
          636,
        ],
      ],
      labelBBox: {
        x: -269,
        y: 770,
        width: 76,
        height: 18,
      },
      controlPoints: [
        {
          x: -54,
          y: 680,
        },
        {
          x: -834,
          y: 846,
        },
      ],
      isLabelCustomized: false,
      navigateTo: null,
      tags: null,
    },
    {
      id: '7sijkf',
      parent: '@gr5',
      source: 'submissionApi',
      target: 'submissionMeta',
      label: null,
      relations: [
        '1wfqr0j',
      ],
      color: 'gray',
      line: 'dashed',
      head: 'normal',
      points: [
        [
          -1387,
          1178,
        ],
        [
          -1333,
          1178,
        ],
        [
          -1273,
          1179,
        ],
        [
          -1219,
          1179,
        ],
      ],
      labelBBox: null,
      controlPoints: [
        {
          x: -1160,
          y: 1392,
        },
      ],
      isLabelCustomized: false,
      navigateTo: null,
      tags: null,
    },
    {
      id: '17ydypz',
      parent: '@gr5',
      source: 'submissionApi',
      target: 'submissionFiles',
      label: null,
      relations: [
        '1o9r6q2',
      ],
      color: 'gray',
      line: 'dashed',
      head: 'normal',
      points: [
        [
          -1390,
          1087,
        ],
        [
          -1331,
          1053,
        ],
        [
          -1264,
          1014,
        ],
        [
          -1205,
          980,
        ],
      ],
      labelBBox: null,
      controlPoints: [
        {
          x: -1402,
          y: 1393,
        },
      ],
      isLabelCustomized: false,
      navigateTo: null,
      tags: null,
    },
    {
      id: '1mpxr1r',
      parent: '@gr6',
      source: 'auditApi',
      target: 'auditMeta',
      label: null,
      relations: [
        'kmika2',
      ],
      color: 'gray',
      line: 'dashed',
      head: 'normal',
      points: [
        [
          -1161,
          2221,
        ],
        [
          -1116,
          2221,
        ],
        [
          -1067,
          2221,
        ],
        [
          -1021,
          2221,
        ],
      ],
      labelBBox: null,
      controlPoints: [
        {
          x: -1316,
          y: 2436,
        },
      ],
      isLabelCustomized: false,
      navigateTo: null,
      tags: null,
    },
    {
      id: 'pje5qo',
      parent: null,
      source: 'designerAudit',
      target: 'auditEvents',
      label: null,
      relations: [
        'jglsz7',
      ],
      color: 'gray',
      line: 'dashed',
      head: 'normal',
      points: [
        [
          2059,
          3203,
        ],
        [
          2111,
          3235,
        ],
        [
          2173,
          3268,
        ],
        [
          2235,
          3284,
        ],
        [
          2609,
          3383,
        ],
        [
          2769,
          3474,
        ],
        [
          3106,
          3284,
        ],
        [
          3239,
          3209,
        ],
        [
          3314,
          3040,
        ],
        [
          3349,
          2933,
        ],
      ],
      labelBBox: null,
      controlPoints: [
        {
          x: -2171,
          y: 1405,
        },
        {
          x: -2096,
          y: 2172,
        },
      ],
      isLabelCustomized: false,
      navigateTo: null,
      tags: null,
    },
    {
      id: '1pdpahy',
      parent: null,
      source: 'managerAudit',
      target: 'auditEvents',
      label: null,
      relations: [
        'valnno',
      ],
      color: 'gray',
      line: 'dashed',
      head: 'normal',
      points: [
        [
          2582,
          2343,
        ],
        [
          2718,
          2423,
        ],
        [
          2927,
          2547,
        ],
        [
          3106,
          2659,
        ],
        [
          3150,
          2687,
        ],
        [
          3197,
          2717,
        ],
        [
          3240,
          2745,
        ],
      ],
      labelBBox: null,
      controlPoints: [
        {
          x: -1036,
          y: 792,
        },
        {
          x: -2230,
          y: 912,
        },
        {
          x: -2281,
          y: 1453,
        },
        {
          x: -2296,
          y: 2199,
        },
      ],
      isLabelCustomized: false,
      navigateTo: null,
      tags: null,
    },
    {
      id: 'fljmf3',
      parent: null,
      source: 'entitlementsAudit',
      target: 'auditEvents',
      label: null,
      relations: [
        '17qyymq',
      ],
      color: 'gray',
      line: 'dashed',
      head: 'normal',
      points: [
        [
          3067,
          2837,
        ],
        [
          3112,
          2837,
        ],
        [
          3161,
          2837,
        ],
        [
          3207,
          2837,
        ],
      ],
      labelBBox: null,
      controlPoints: [
        {
          x: -3317,
          y: 2016,
        },
        {
          x: -1994,
          y: 2242,
        },
      ],
      isLabelCustomized: false,
      navigateTo: null,
      tags: null,
    },
    {
      id: '1r75nbh',
      parent: '@gr6',
      source: 'auditEvents',
      target: 'auditApi',
      label: null,
      relations: [
        'c2y3s1',
      ],
      color: 'gray',
      line: 'dashed',
      head: 'normal',
      points: [
        [
          -1632,
          2221,
        ],
        [
          -1587,
          2221,
        ],
        [
          -1537,
          2221,
        ],
        [
          -1491,
          2221,
        ],
      ],
      labelBBox: null,
      controlPoints: [
        {
          x: -1562,
          y: 2221,
        },
      ],
      isLabelCustomized: false,
      navigateTo: null,
      tags: null,
    },
    {
      id: '1nijq6b',
      parent: null,
      source: 'submissions',
      target: 'notifyQueue',
      label: null,
      relations: [
        '1xpw37p',
      ],
      color: 'gray',
      line: 'dashed',
      head: 'normal',
      points: [
        [
          1342,
          856,
        ],
        [
          1465,
          889,
        ],
        [
          1636,
          936,
        ],
        [
          1763,
          970,
        ],
      ],
      labelBBox: null,
      controlPoints: [
        {
          x: 1230,
          y: 29,
        },
      ],
      isLabelCustomized: false,
      navigateTo: null,
      tags: null,
    },
    {
      id: '1nwabxh',
      parent: '@gr7',
      source: 'notifyQueue',
      target: 'notifyListener',
      label: null,
      relations: [
        'qu8oy',
      ],
      color: 'gray',
      line: 'dashed',
      head: 'normal',
      points: [
        [
          2108,
          373,
        ],
        [
          2108,
          340,
        ],
        [
          2108,
          307,
        ],
        [
          2108,
          273,
        ],
      ],
      labelBBox: null,
      controlPoints: [
        {
          x: 1823,
          y: 170,
        },
      ],
      isLabelCustomized: false,
      navigateTo: null,
      tags: null,
    },
    {
      id: '187h6wa',
      parent: null,
      source: 'notifyListener',
      target: 'govNotify',
      label: null,
      relations: [
        '10ags32',
      ],
      color: 'gray',
      line: 'dashed',
      head: 'normal',
      points: [
        [
          2096,
          731,
        ],
        [
          2150,
          731,
        ],
        [
          2210,
          731,
        ],
        [
          2265,
          731,
        ],
      ],
      labelBBox: null,
      controlPoints: [
        {
          x: 2356,
          y: 156,
        },
      ],
      isLabelCustomized: false,
      navigateTo: null,
      tags: null,
    },
    {
      id: 'wk9m4h',
      parent: null,
      source: 'submissions',
      target: 'sharepointQueue',
      label: null,
      relations: [
        '9vx9xg',
      ],
      color: 'gray',
      line: 'dashed',
      head: 'normal',
      points: [
        [
          1342,
          734,
        ],
        [
          1447,
          682,
        ],
        [
          1586,
          613,
        ],
        [
          1710,
          553,
        ],
        [
          1721,
          547,
        ],
        [
          1734,
          541,
        ],
        [
          1746,
          536,
        ],
      ],
      labelBBox: null,
      controlPoints: [
        {
          x: 1098,
          y: -199,
        },
        {
          x: 1418,
          y: -403,
        },
      ],
      isLabelCustomized: false,
      navigateTo: null,
      tags: null,
    },
    {
      id: '1ihhap1',
      parent: '@gr8',
      source: 'sharepointQueue',
      target: 'sharepointListener',
      label: null,
      relations: [
        'pcqg13',
      ],
      color: 'gray',
      line: 'dashed',
      head: 'normal',
      points: [
        [
          2086,
          -319,
        ],
        [
          2086,
          -352,
        ],
        [
          2086,
          -385,
        ],
        [
          2086,
          -419,
        ],
      ],
      labelBBox: null,
      controlPoints: [
        {
          x: 1835,
          y: -522,
        },
      ],
      isLabelCustomized: false,
      navigateTo: null,
      tags: null,
    },
    {
      id: '1nr5h0s',
      parent: null,
      source: 'sharepointListener',
      target: 'sharepointApi',
      label: null,
      relations: [
        '1mha4sv',
      ],
      color: 'gray',
      line: 'dashed',
      head: 'normal',
      points: [
        [
          2096,
          159,
        ],
        [
          2150,
          159,
        ],
        [
          2210,
          159,
        ],
        [
          2265,
          159,
        ],
      ],
      labelBBox: null,
      controlPoints: [
        {
          x: 2349,
          y: -522,
        },
      ],
      isLabelCustomized: false,
      navigateTo: null,
      tags: null,
    },
    {
      id: '1xcohk6',
      parent: null,
      source: 'runner',
      target: 'exTopic',
      label: null,
      relations: [
        '1flhotj',
      ],
      color: 'gray',
      line: 'dashed',
      head: 'normal',
      points: [
        [
          791,
          1183,
        ],
        [
          861,
          1219,
        ],
        [
          943,
          1262,
        ],
        [
          1013,
          1300,
        ],
      ],
      labelBBox: null,
      controlPoints: [
        {
          x: 558,
          y: 368,
        },
      ],
      isLabelCustomized: false,
      navigateTo: null,
      tags: null,
    },
    {
      id: 'rj8vtm',
      parent: '@gr9',
      source: 'exTopic',
      target: 'exQueue',
      label: null,
      relations: [
        '1qnc2ai',
      ],
      color: 'gray',
      line: 'dashed',
      head: 'normal',
      points: [
        [
          1190,
          868,
        ],
        [
          1315,
          868,
        ],
        [
          1488,
          868,
        ],
        [
          1615,
          868,
        ],
      ],
      labelBBox: null,
      controlPoints: [
        {
          x: 1289,
          y: 865,
        },
      ],
      isLabelCustomized: false,
      navigateTo: null,
      tags: null,
    },
    {
      id: '15qb4rp',
      parent: '@gr9',
      source: 'exQueue',
      target: 'exListener',
      label: null,
      relations: [
        'k6f7es',
      ],
      color: 'gray',
      line: 'dashed',
      head: 'normal',
      points: [
        [
          1944,
          868,
        ],
        [
          1998,
          868,
        ],
        [
          2058,
          868,
        ],
        [
          2113,
          868,
        ],
      ],
      labelBBox: null,
      controlPoints: [
        {
          x: 1814,
          y: 861,
        },
      ],
      isLabelCustomized: false,
      navigateTo: null,
      tags: null,
    },
    {
      id: '1ngnzgs',
      parent: '@gr9',
      source: 'exListener',
      target: 'externalApi',
      label: null,
      relations: [
        'zppo1u',
      ],
      color: 'gray',
      line: 'dashed',
      head: 'normal',
      points: [
        [
          2443,
          868,
        ],
        [
          2488,
          868,
        ],
        [
          2538,
          868,
        ],
        [
          2584,
          868,
        ],
      ],
      labelBBox: null,
      controlPoints: [
        {
          x: 2337,
          y: 858,
        },
      ],
      isLabelCustomized: false,
      navigateTo: null,
      tags: null,
    },
  ],
  _layout: 'manual',
}
