{
  _type: 'element',
  tags: null,
  links: null,
  _stage: 'layouted',
  sourcePath: 'forms.likec4',
  description: {
    txt: 'The complete container-level reference - every service, datastore, queue and integration. See the simplified architecture diagram for an introduction.',
  },
  title: 'Full architecture diagram',
  id: 'platformAll',
  autoLayout: {
    direction: 'LR',
    nodeSep: 110,
    rankSep: 150,
  },
  hash: 'oq6INTaBzb_E6kf6AjKNPzCqw4F7WJNmqJruKqL1ySk',
  bounds: {
    x: -4123,
    y: -1325,
    width: 7482,
    height: 3836,
  },
  nodes: [
    {
      id: 'worker',
      parent: null,
      level: 0,
      children: [],
      inEdges: [],
      outEdges: [
        '140vq9l',
      ],
      title: 'Defra worker',
      modelRef: 'worker',
      shape: 'person',
      color: 'primary',
      style: {
        opacity: 15,
        size: 'md',
      },
      tags: [],
      kind: 'actor',
      x: -2620,
      y: -999,
      width: 320,
      height: 180,
      labelBBox: {
        x: 101,
        y: 76,
        width: 118,
        height: 24,
      },
      drifts: null,
    },
    {
      id: 'citizen',
      parent: null,
      level: 0,
      children: [],
      inEdges: [],
      outEdges: [
        'l8n5z0',
      ],
      title: 'Citizen',
      modelRef: 'citizen',
      shape: 'person',
      color: 'primary',
      style: {
        opacity: 15,
        size: 'md',
      },
      tags: [],
      kind: 'actor',
      x: -47,
      y: -992,
      width: 320,
      height: 180,
      labelBBox: {
        x: 127,
        y: 76,
        width: 65,
        height: 24,
      },
      drifts: null,
    },
    {
      id: '@gr1',
      parent: null,
      kind: '@group',
      title: 'Designer',
      color: 'primary',
      shape: 'rectangle',
      children: [
        'designer',
        'designerCache',
        'designerAudit',
      ],
      inEdges: [
        '140vq9l',
      ],
      outEdges: [
        '9jl563',
        '1qxsccn',
        'gy2v7z',
        '5qisl8',
        '1d90ndx',
        '1io3dz3',
        'pje5qo',
      ],
      level: 0,
      depth: 1,
      tags: [],
      style: {
        border: 'dashed',
        opacity: 15,
      },
      x: -2861,
      y: -261,
      width: 814,
      height: 833,
      labelBBox: {
        x: 6,
        y: 0,
        width: 61,
        height: 15,
      },
      drifts: null,
    },
    {
      id: '@gr3',
      parent: null,
      kind: '@group',
      title: 'Runner',
      color: 'primary',
      shape: 'rectangle',
      children: [
        'runner',
        'runnerCache',
        'submissions',
        'saveTopic',
      ],
      inEdges: [
        'l8n5z0',
      ],
      outEdges: [
        '1uxzj8y',
        '1eq82ka',
        '129ad2d',
        'qeah3t',
        '1jtk6sp',
        '1x8k50q',
        'xphlwa',
        '1nijq6b',
        'wk9m4h',
        '1xcohk6',
      ],
      level: 0,
      depth: 1,
      tags: [],
      style: {
        border: 'dashed',
        opacity: 15,
      },
      x: -332,
      y: -253,
      width: 1466,
      height: 2022,
      labelBBox: {
        x: 6,
        y: 0,
        width: 51,
        height: 15,
      },
      drifts: null,
    },
    {
      id: 'designer',
      parent: '@gr1',
      level: 1,
      children: [],
      inEdges: [
        '140vq9l',
      ],
      outEdges: [
        '9jl563',
        '1qxsccn',
        'gy2v7z',
        '1snjsp2',
        '1smnbzb',
        '5qisl8',
        '1d90ndx',
        '1io3dz3',
      ],
      title: 'Forms Designer',
      modelRef: 'designer',
      shape: 'browser',
      color: 'primary',
      style: {
        opacity: 15,
        size: 'md',
      },
      description: {
        txt: 'frontend',
      },
      tags: [],
      kind: 'app',
      x: -2622,
      y: -201,
      width: 320,
      height: 180,
      labelBBox: {
        x: 87,
        y: 65,
        width: 146,
        height: 47,
      },
      drifts: null,
    },
    {
      id: 'runner',
      parent: '@gr3',
      level: 1,
      children: [],
      inEdges: [
        'l8n5z0',
      ],
      outEdges: [
        '1uxzj8y',
        '1eq82ka',
        '129ad2d',
        'qeah3t',
        '1jtk6sp',
        'kjx1pi',
        'jdc281',
        'rk4k1m',
        '1x8k50q',
        '1xcohk6',
      ],
      title: 'Forms Runner',
      modelRef: 'runner',
      shape: 'browser',
      color: 'primary',
      style: {
        opacity: 15,
        size: 'md',
      },
      description: {
        txt: 'frontend',
      },
      tags: [],
      technology: 'forms-engine-plugin',
      kind: 'app',
      x: -46,
      y: -193,
      width: 320,
      height: 180,
      labelBBox: {
        x: 94,
        y: 55,
        width: 132,
        height: 67,
      },
      drifts: null,
    },
    {
      id: 'designerCache',
      parent: '@gr1',
      level: 1,
      children: [],
      inEdges: [
        '1snjsp2',
      ],
      outEdges: [],
      title: 'Cache',
      modelRef: 'designerCache',
      shape: 'cylinder',
      color: 'amber',
      icon: 'tech:redis',
      style: {
        opacity: 15,
        size: 'md',
      },
      tags: [],
      kind: 'cache',
      x: -2819,
      y: 350,
      width: 320,
      height: 180,
      labelBBox: {
        x: 116,
        y: 76,
        width: 119,
        height: 24,
      },
      drifts: null,
    },
    {
      id: 'designerAudit',
      parent: '@gr1',
      level: 1,
      children: [],
      inEdges: [
        '1smnbzb',
      ],
      outEdges: [
        'pje5qo',
      ],
      title: 'Audit records',
      modelRef: 'designerAudit',
      shape: 'cylinder',
      color: 'amber',
      icon: 'tech:aws-dynamodb',
      style: {
        opacity: 15,
        size: 'md',
      },
      tags: [],
      kind: 'db',
      x: -2409,
      y: 344,
      width: 320,
      height: 180,
      labelBBox: {
        x: 86,
        y: 76,
        width: 179,
        height: 24,
      },
      drifts: null,
    },
    {
      id: 'govukPay',
      parent: null,
      level: 0,
      children: [],
      inEdges: [
        '1qxsccn',
        '1uxzj8y',
      ],
      outEdges: [],
      title: 'GOV.UK Pay',
      modelRef: 'govukPay',
      shape: 'rectangle',
      color: 'gray',
      style: {
        opacity: 15,
        size: 'md',
      },
      tags: [
        'thirdparty',
      ],
      kind: 'external',
      x: -1516,
      y: -1210,
      width: 320,
      height: 180,
      labelBBox: {
        x: 99,
        y: 76,
        width: 122,
        height: 24,
      },
      drifts: null,
    },
    {
      id: 'ordnanceSurvey',
      parent: null,
      level: 0,
      children: [],
      inEdges: [
        'gy2v7z',
        '1eq82ka',
      ],
      outEdges: [],
      title: 'Ordnance Survey API',
      modelRef: 'ordnanceSurvey',
      shape: 'rectangle',
      color: 'gray',
      style: {
        opacity: 15,
        size: 'md',
      },
      tags: [
        'thirdparty',
      ],
      kind: 'external',
      x: -1490,
      y: -893,
      width: 320,
      height: 180,
      labelBBox: {
        x: 62,
        y: 76,
        width: 197,
        height: 24,
      },
      drifts: null,
    },
    {
      id: 'googleAnalytics',
      parent: null,
      level: 0,
      children: [],
      inEdges: [
        '129ad2d',
      ],
      outEdges: [],
      title: 'Google Analytics',
      modelRef: 'googleAnalytics',
      shape: 'rectangle',
      color: 'gray',
      style: {
        opacity: 15,
        size: 'md',
      },
      tags: [
        'thirdparty',
      ],
      kind: 'external',
      x: 894,
      y: -1305,
      width: 320,
      height: 180,
      labelBBox: {
        x: 83,
        y: 76,
        width: 154,
        height: 24,
      },
      drifts: null,
    },
    {
      id: 'cdpUploader',
      parent: null,
      level: 0,
      children: [],
      inEdges: [
        'qeah3t',
      ],
      outEdges: [
        '15dn8mx',
      ],
      title: 'Defra file upload service',
      modelRef: 'cdpUploader',
      shape: 'rectangle',
      color: 'gray',
      style: {
        opacity: 15,
        size: 'md',
      },
      description: {
        txt: 'CDP uploader - scans, delivers to S3, calls back',
      },
      tags: [
        'thirdparty',
      ],
      kind: 'external',
      x: 394,
      y: 1066,
      width: 324,
      height: 180,
      labelBBox: {
        x: 18,
        y: 56,
        width: 288,
        height: 65,
      },
      drifts: null,
    },
    {
      id: '@gr2',
      parent: null,
      kind: '@group',
      title: 'Manager',
      color: 'primary',
      shape: 'rectangle',
      children: [
        'manager',
        'managerDb',
        'managerAudit',
      ],
      inEdges: [
        '5qisl8',
        '1jtk6sp',
      ],
      outEdges: [
        'vvqi8t',
        '16oswv8',
        'bgzk5v',
        '1pdpahy',
      ],
      level: 0,
      depth: 1,
      tags: [],
      style: {
        border: 'dashed',
        opacity: 15,
      },
      x: -1596,
      y: -248,
      width: 813,
      height: 795,
      labelBBox: {
        x: 6,
        y: 0,
        width: 61,
        height: 15,
      },
      drifts: null,
    },
    {
      id: 'runnerCache',
      parent: '@gr3',
      level: 1,
      children: [],
      inEdges: [
        'kjx1pi',
      ],
      outEdges: [],
      title: 'Cache',
      modelRef: 'runnerCache',
      shape: 'cylinder',
      color: 'amber',
      icon: 'tech:redis',
      style: {
        opacity: 15,
        size: 'md',
      },
      tags: [],
      kind: 'cache',
      x: -290,
      y: 212,
      width: 320,
      height: 180,
      labelBBox: {
        x: 116,
        y: 76,
        width: 119,
        height: 24,
      },
      drifts: null,
    },
    {
      id: 'submissions',
      parent: '@gr3',
      level: 1,
      children: [],
      inEdges: [
        'jdc281',
      ],
      outEdges: [
        '1nijq6b',
        'wk9m4h',
      ],
      title: 'Submissions',
      modelRef: 'submissions',
      shape: 'queue',
      color: 'green',
      icon: 'tech:aws-sns',
      style: {
        opacity: 15,
        size: 'md',
      },
      tags: [],
      kind: 'topic',
      x: 772,
      y: -178,
      width: 320,
      height: 172,
      labelBBox: {
        x: 88,
        y: 72,
        width: 185,
        height: 24,
      },
      drifts: null,
    },
    {
      id: 'saveTopic',
      parent: '@gr3',
      level: 1,
      children: [],
      inEdges: [
        'rk4k1m',
      ],
      outEdges: [
        'xphlwa',
      ],
      title: 'Save and return',
      modelRef: 'saveTopic',
      shape: 'queue',
      color: 'green',
      icon: 'tech:aws-sns',
      style: {
        opacity: 15,
        size: 'md',
      },
      tags: [],
      kind: 'topic',
      x: -64,
      y: 1555,
      width: 320,
      height: 172,
      labelBBox: {
        x: 73,
        y: 72,
        width: 215,
        height: 24,
      },
      drifts: null,
    },
    {
      id: '@gr9',
      parent: null,
      kind: '@group',
      title: 'Example',
      color: 'primary',
      shape: 'rectangle',
      children: [
        'exTopic',
        'exQueue',
        'exListener',
        'externalApi',
      ],
      inEdges: [
        '1xcohk6',
      ],
      outEdges: [],
      level: 0,
      depth: 1,
      tags: [],
      style: {
        border: 'dashed',
        opacity: 15,
      },
      x: 1362,
      y: 494,
      width: 1977,
      height: 289,
      labelBBox: {
        x: 6,
        y: 0,
        width: 57,
        height: 15,
      },
      drifts: null,
    },
    {
      id: 'manager',
      parent: '@gr2',
      level: 1,
      children: [],
      inEdges: [
        '5qisl8',
        '1jtk6sp',
      ],
      outEdges: [
        'vvqi8t',
        '16oswv8',
        '201t0s',
        '14pxzwn',
        'bgzk5v',
      ],
      title: 'Forms Manager',
      modelRef: 'manager',
      shape: 'rectangle',
      color: 'primary',
      style: {
        opacity: 15,
        size: 'md',
      },
      description: {
        txt: 'backend',
      },
      tags: [],
      kind: 'service',
      x: -1370,
      y: -188,
      width: 320,
      height: 180,
      labelBBox: {
        x: 88,
        y: 65,
        width: 145,
        height: 47,
      },
      drifts: null,
    },
    {
      id: '@gr7',
      parent: null,
      kind: '@group',
      title: 'Notify',
      color: 'primary',
      shape: 'rectangle',
      children: [
        'notifyQueue',
        'notifyListener',
      ],
      inEdges: [
        '1nijq6b',
      ],
      outEdges: [
        '187h6wa',
      ],
      level: 0,
      depth: 1,
      tags: [],
      style: {
        border: 'dashed',
        opacity: 15,
      },
      x: 1359,
      y: 23,
      width: 951,
      height: 282,
      labelBBox: {
        x: 6,
        y: 0,
        width: 44,
        height: 15,
      },
      drifts: null,
    },
    {
      id: '@gr8',
      parent: null,
      kind: '@group',
      title: 'Sharepoint',
      color: 'primary',
      shape: 'rectangle',
      children: [
        'sharepointQueue',
        'sharepointListener',
      ],
      inEdges: [
        'wk9m4h',
      ],
      outEdges: [
        '1nr5h0s',
      ],
      level: 0,
      depth: 1,
      tags: [],
      style: {
        border: 'dashed',
        opacity: 15,
      },
      x: 1382,
      y: -672,
      width: 906,
      height: 285,
      labelBBox: {
        x: 6,
        y: 0,
        width: 76,
        height: 15,
      },
      drifts: null,
    },
    {
      id: '@gr5',
      parent: null,
      kind: '@group',
      title: 'Submission',
      color: 'primary',
      shape: 'rectangle',
      children: [
        'saveQueue',
        'submissionApi',
        'submissionMeta',
        'submissionFiles',
      ],
      inEdges: [
        '15dn8mx',
        '1io3dz3',
        '1x8k50q',
        'xphlwa',
      ],
      outEdges: [
        '1qcbd7i',
        'f7z8x3',
        '1ccjgr1',
      ],
      level: 0,
      depth: 1,
      tags: [],
      style: {
        border: 'dashed',
        opacity: 15,
      },
      x: -1735,
      y: 1009,
      width: 1341,
      height: 764,
      labelBBox: {
        x: 6,
        y: 0,
        width: 74,
        height: 15,
      },
      drifts: null,
    },
    {
      id: 'exTopic',
      parent: '@gr9',
      level: 1,
      children: [],
      inEdges: [
        '1xcohk6',
      ],
      outEdges: [
        'rj8vtm',
      ],
      title: '[topic]',
      modelRef: 'exTopic',
      shape: 'queue',
      color: 'muted',
      icon: 'tech:aws-sns',
      style: {
        opacity: 40,
        size: 'md',
        border: 'dotted',
      },
      tags: [
        'example',
      ],
      kind: 'topic',
      x: 1404,
      y: 569,
      width: 320,
      height: 172,
      labelBBox: {
        x: 118,
        y: 72,
        width: 125,
        height: 24,
      },
      drifts: null,
    },
    {
      id: 'managerDb',
      parent: '@gr2',
      level: 1,
      children: [],
      inEdges: [
        '201t0s',
      ],
      outEdges: [],
      title: 'DB',
      modelRef: 'managerDb',
      shape: 'cylinder',
      color: 'amber',
      icon: 'tech:mongodb',
      style: {
        opacity: 15,
        size: 'md',
      },
      tags: [],
      kind: 'db',
      x: -1554,
      y: 317,
      width: 320,
      height: 180,
      labelBBox: {
        x: 130,
        y: 76,
        width: 90,
        height: 24,
      },
      drifts: null,
    },
    {
      id: 'managerAudit',
      parent: '@gr2',
      level: 1,
      children: [],
      inEdges: [
        '14pxzwn',
      ],
      outEdges: [
        '1pdpahy',
      ],
      title: 'Audit records',
      modelRef: 'managerAudit',
      shape: 'cylinder',
      color: 'amber',
      icon: 'tech:aws-dynamodb',
      style: {
        opacity: 15,
        size: 'md',
      },
      tags: [],
      kind: 'db',
      x: -1145,
      y: 325,
      width: 320,
      height: 180,
      labelBBox: {
        x: 85,
        y: 76,
        width: 180,
        height: 24,
      },
      drifts: null,
    },
    {
      id: '@gr4',
      parent: null,
      kind: '@group',
      title: 'Entitlements',
      color: 'primary',
      shape: 'rectangle',
      children: [
        'entitlements',
        'entitlementsDb',
        'entitlementsAudit',
      ],
      inEdges: [
        '1d90ndx',
        'bgzk5v',
      ],
      outEdges: [
        '1n6jstg',
        'fljmf3',
      ],
      level: 0,
      depth: 1,
      tags: [],
      style: {
        border: 'dashed',
        opacity: 15,
      },
      x: -4103,
      y: -260,
      width: 824,
      height: 829,
      labelBBox: {
        x: 6,
        y: 0,
        width: 88,
        height: 15,
      },
      drifts: null,
    },
    {
      id: 'notifyQueue',
      parent: '@gr7',
      level: 1,
      children: [],
      inEdges: [
        '1nijq6b',
      ],
      outEdges: [
        '1nwabxh',
      ],
      title: 'Notify queue w/ DLQ',
      modelRef: 'notifyQueue',
      shape: 'queue',
      color: 'green',
      icon: 'tech:aws-sqs',
      style: {
        opacity: 15,
        size: 'md',
      },
      tags: [],
      kind: 'queue',
      x: 1401,
      y: 83,
      width: 328,
      height: 172,
      labelBBox: {
        x: 56,
        y: 72,
        width: 257,
        height: 24,
      },
      drifts: null,
    },
    {
      id: 'sharepointQueue',
      parent: '@gr8',
      level: 1,
      children: [],
      inEdges: [
        'wk9m4h',
      ],
      outEdges: [
        '1ihhap1',
      ],
      title: 'Sharepoint queue w/ DLQ',
      modelRef: 'sharepointQueue',
      shape: 'queue',
      color: 'green',
      icon: 'tech:aws-sqs',
      style: {
        opacity: 15,
        size: 'md',
      },
      tags: [],
      kind: 'queue',
      x: 1424,
      y: -612,
      width: 374,
      height: 172,
      labelBBox: {
        x: 56,
        y: 72,
        width: 302,
        height: 24,
      },
      drifts: null,
    },
    {
      id: 'saveQueue',
      parent: '@gr5',
      level: 1,
      children: [],
      inEdges: [
        'xphlwa',
      ],
      outEdges: [
        '7j45u2',
      ],
      title: 'Save and return queue',
      modelRef: 'saveQueue',
      shape: 'queue',
      color: 'green',
      icon: 'tech:aws-sqs',
      style: {
        opacity: 15,
        size: 'md',
      },
      tags: [],
      kind: 'queue',
      x: -783,
      y: 1559,
      width: 347,
      height: 172,
      labelBBox: {
        x: 56,
        y: 72,
        width: 276,
        height: 24,
      },
      drifts: null,
    },
    {
      id: 'exQueue',
      parent: '@gr9',
      level: 1,
      children: [],
      inEdges: [
        'rj8vtm',
      ],
      outEdges: [
        '15qb4rp',
      ],
      title: '[queue] w/ DLQ',
      modelRef: 'exQueue',
      shape: 'queue',
      color: 'muted',
      icon: 'tech:aws-sqs',
      style: {
        opacity: 40,
        size: 'md',
        border: 'dotted',
      },
      tags: [
        'example',
      ],
      kind: 'queue',
      x: 1932,
      y: 564,
      width: 320,
      height: 172,
      labelBBox: {
        x: 74,
        y: 72,
        width: 211,
        height: 24,
      },
      drifts: null,
    },
    {
      id: 'entitlements',
      parent: '@gr4',
      level: 1,
      children: [],
      inEdges: [
        '1d90ndx',
        'bgzk5v',
      ],
      outEdges: [
        '1n6jstg',
        'srhang',
        'qigu87',
      ],
      title: 'Forms entitlements API',
      modelRef: 'entitlements',
      shape: 'rectangle',
      color: 'primary',
      style: {
        opacity: 15,
        size: 'md',
      },
      description: {
        txt: 'backend',
      },
      tags: [],
      kind: 'service',
      x: -3855,
      y: -200,
      width: 320,
      height: 180,
      labelBBox: {
        x: 54,
        y: 65,
        width: 212,
        height: 47,
      },
      drifts: null,
    },
    {
      id: 'notifyListener',
      parent: '@gr7',
      level: 1,
      children: [],
      inEdges: [
        '1nwabxh',
      ],
      outEdges: [
        '187h6wa',
      ],
      title: 'Forms Notify Listener',
      modelRef: 'notifyListener',
      shape: 'rectangle',
      color: 'primary',
      style: {
        opacity: 15,
        size: 'md',
      },
      tags: [],
      kind: 'listener',
      x: 1948,
      y: 83,
      width: 320,
      height: 180,
      labelBBox: {
        x: 63,
        y: 76,
        width: 194,
        height: 24,
      },
      drifts: null,
    },
    {
      id: 'sharepointListener',
      parent: '@gr8',
      level: 1,
      children: [],
      inEdges: [
        '1ihhap1',
      ],
      outEdges: [
        '1nr5h0s',
      ],
      title: 'Forms Sharepoint Listener',
      modelRef: 'sharepointListener',
      shape: 'rectangle',
      color: 'primary',
      style: {
        opacity: 15,
        size: 'md',
      },
      tags: [],
      kind: 'listener',
      x: 1926,
      y: -609,
      width: 320,
      height: 180,
      labelBBox: {
        x: 40,
        y: 76,
        width: 240,
        height: 24,
      },
      drifts: null,
    },
    {
      id: 'submissionApi',
      parent: '@gr5',
      level: 1,
      children: [],
      inEdges: [
        '15dn8mx',
        '1io3dz3',
        '1x8k50q',
        '7j45u2',
      ],
      outEdges: [
        '1qcbd7i',
        'f7z8x3',
        '1ccjgr1',
        '7sijkf',
        '17ydypz',
      ],
      title: 'Forms submission API',
      modelRef: 'submissionApi',
      shape: 'rectangle',
      color: 'primary',
      style: {
        opacity: 15,
        size: 'md',
      },
      description: {
        txt: 'backend',
      },
      tags: [],
      kind: 'service',
      x: -1435,
      y: 1069,
      width: 320,
      height: 180,
      labelBBox: {
        x: 58,
        y: 65,
        width: 204,
        height: 47,
      },
      drifts: null,
    },
    {
      id: 'exListener',
      parent: '@gr9',
      level: 1,
      children: [],
      inEdges: [
        '15qb4rp',
      ],
      outEdges: [
        '1ngnzgs',
      ],
      title: '[ listener ]',
      modelRef: 'exListener',
      shape: 'rectangle',
      color: 'muted',
      style: {
        opacity: 40,
        size: 'md',
        border: 'dotted',
      },
      tags: [
        'example',
      ],
      kind: 'listener',
      x: 2458,
      y: 558,
      width: 320,
      height: 180,
      labelBBox: {
        x: 115,
        y: 76,
        width: 91,
        height: 24,
      },
      drifts: null,
    },
    {
      id: 'entitlementsDb',
      parent: '@gr4',
      level: 1,
      children: [],
      inEdges: [
        'srhang',
      ],
      outEdges: [],
      title: 'DB',
      modelRef: 'entitlementsDb',
      shape: 'cylinder',
      color: 'amber',
      icon: 'tech:mongodb',
      style: {
        opacity: 15,
        size: 'md',
      },
      tags: [],
      kind: 'db',
      x: -4061,
      y: 347,
      width: 320,
      height: 180,
      labelBBox: {
        x: 131,
        y: 76,
        width: 89,
        height: 24,
      },
      drifts: null,
    },
    {
      id: 'entitlementsAudit',
      parent: '@gr4',
      level: 1,
      children: [],
      inEdges: [
        'qigu87',
      ],
      outEdges: [
        'fljmf3',
      ],
      title: 'Audit records',
      modelRef: 'entitlementsAudit',
      shape: 'cylinder',
      color: 'amber',
      icon: 'tech:aws-dynamodb',
      style: {
        opacity: 15,
        size: 'md',
      },
      tags: [],
      kind: 'db',
      x: -3641,
      y: 342,
      width: 320,
      height: 180,
      labelBBox: {
        x: 85,
        y: 76,
        width: 180,
        height: 24,
      },
      drifts: null,
    },
    {
      id: 'sharepointApi',
      parent: null,
      level: 0,
      children: [],
      inEdges: [
        '1nr5h0s',
      ],
      outEdges: [],
      title: 'Sharepoint API',
      modelRef: 'sharepointApi',
      shape: 'rectangle',
      color: 'gray',
      style: {
        opacity: 15,
        size: 'md',
      },
      tags: [
        'thirdparty',
      ],
      kind: 'external',
      x: 2467,
      y: -618,
      width: 320,
      height: 180,
      labelBBox: {
        x: 91,
        y: 76,
        width: 139,
        height: 24,
      },
      drifts: null,
    },
    {
      id: 'govNotify',
      parent: null,
      level: 0,
      children: [],
      inEdges: [
        '16oswv8',
        'f7z8x3',
        '187h6wa',
      ],
      outEdges: [],
      title: 'GOV.UK Notify',
      modelRef: 'govNotify',
      shape: 'rectangle',
      color: 'gray',
      style: {
        opacity: 15,
        size: 'md',
      },
      tags: [
        'thirdparty',
      ],
      kind: 'external',
      x: 2458,
      y: 49,
      width: 320,
      height: 180,
      labelBBox: {
        x: 91,
        y: 76,
        width: 138,
        height: 24,
      },
      drifts: null,
    },
    {
      id: 'cognito',
      parent: null,
      level: 0,
      children: [],
      inEdges: [
        '1ccjgr1',
      ],
      outEdges: [],
      title: 'AWS Cognito',
      modelRef: 'cognito',
      shape: 'rectangle',
      color: 'gray',
      style: {
        opacity: 15,
        size: 'md',
      },
      tags: [
        'thirdparty',
      ],
      kind: 'external',
      x: -1418,
      y: 2201,
      width: 320,
      height: 180,
      labelBBox: {
        x: 98,
        y: 76,
        width: 124,
        height: 24,
      },
      drifts: null,
    },
    {
      id: 'submissionMeta',
      parent: '@gr5',
      level: 1,
      children: [],
      inEdges: [
        '7sijkf',
      ],
      outEdges: [],
      title: 'Metadata',
      modelRef: 'submissionMeta',
      shape: 'cylinder',
      color: 'amber',
      icon: 'tech:mongodb',
      style: {
        opacity: 15,
        size: 'md',
      },
      tags: [],
      kind: 'db',
      x: -1201,
      y: 1551,
      width: 320,
      height: 180,
      labelBBox: {
        x: 102,
        y: 76,
        width: 146,
        height: 24,
      },
      drifts: null,
    },
    {
      id: 'submissionFiles',
      parent: '@gr5',
      level: 1,
      children: [],
      inEdges: [
        '17ydypz',
      ],
      outEdges: [],
      title: 'Files',
      modelRef: 'submissionFiles',
      shape: 'storage',
      color: 'amber',
      icon: 'aws:simple-storage-service',
      style: {
        opacity: 15,
        size: 'md',
      },
      tags: [],
      kind: 'storage',
      x: -1693,
      y: 1542,
      width: 320,
      height: 180,
      labelBBox: {
        x: 123,
        y: 76,
        width: 104,
        height: 24,
      },
      drifts: null,
    },
    {
      id: 'externalApi',
      parent: '@gr9',
      level: 1,
      children: [],
      inEdges: [
        '1ngnzgs',
      ],
      outEdges: [],
      title: '[ external API ]',
      modelRef: 'externalApi',
      shape: 'rectangle',
      color: 'muted',
      style: {
        opacity: 40,
        size: 'md',
        border: 'dotted',
      },
      tags: [
        'thirdparty',
        'example',
      ],
      kind: 'external',
      x: 2977,
      y: 554,
      width: 320,
      height: 180,
      labelBBox: {
        x: 92,
        y: 76,
        width: 135,
        height: 24,
      },
      drifts: null,
    },
    {
      id: '@gr6',
      parent: null,
      kind: '@group',
      title: 'Audit',
      color: 'primary',
      shape: 'rectangle',
      children: [
        'auditEvents',
        'auditApi',
        'auditMeta',
      ],
      inEdges: [
        'pje5qo',
        '1pdpahy',
        'fljmf3',
      ],
      outEdges: [
        '1yzk1qz',
      ],
      level: 0,
      depth: 1,
      tags: [],
      style: {
        border: 'dashed',
        opacity: 15,
      },
      x: -3510,
      y: 1523,
      width: 411,
      height: 968,
      labelBBox: {
        x: 6,
        y: 0,
        width: 38,
        height: 15,
      },
      drifts: null,
    },
    {
      id: 'auditEvents',
      parent: '@gr6',
      level: 1,
      children: [],
      inEdges: [
        'pje5qo',
        '1pdpahy',
        'fljmf3',
      ],
      outEdges: [
        '1r75nbh',
      ],
      title: 'Audit events',
      modelRef: 'auditEvents',
      shape: 'queue',
      color: 'green',
      icon: 'tech:aws-sns',
      style: {
        opacity: 15,
        size: 'md',
      },
      tags: [],
      kind: 'topic',
      x: -3466,
      y: 1583,
      width: 320,
      height: 172,
      labelBBox: {
        x: 89,
        y: 72,
        width: 182,
        height: 24,
      },
      drifts: null,
    },
    {
      id: 'auditApi',
      parent: '@gr6',
      level: 1,
      children: [],
      inEdges: [
        '1r75nbh',
      ],
      outEdges: [
        '1yzk1qz',
        '1mpxr1r',
      ],
      title: 'Forms audit API',
      modelRef: 'auditApi',
      shape: 'rectangle',
      color: 'primary',
      style: {
        opacity: 15,
        size: 'md',
      },
      description: {
        txt: 'backend',
      },
      tags: [],
      kind: 'service',
      x: -3468,
      y: 1880,
      width: 320,
      height: 180,
      labelBBox: {
        x: 87,
        y: 65,
        width: 147,
        height: 47,
      },
      drifts: null,
    },
    {
      id: 'aad',
      parent: null,
      level: 0,
      children: [],
      inEdges: [
        '9jl563',
        'vvqi8t',
        '1n6jstg',
        '1qcbd7i',
        '1yzk1qz',
      ],
      outEdges: [],
      title: 'Azure Entra (AAD)',
      modelRef: 'aad',
      shape: 'rectangle',
      color: 'gray',
      style: {
        opacity: 15,
        size: 'md',
      },
      tags: [
        'thirdparty',
      ],
      kind: 'external',
      x: -2561,
      y: 2174,
      width: 320,
      height: 180,
      labelBBox: {
        x: 75,
        y: 76,
        width: 170,
        height: 24,
      },
      drifts: null,
    },
    {
      id: 'auditMeta',
      parent: '@gr6',
      level: 1,
      children: [],
      inEdges: [
        '1mpxr1r',
      ],
      outEdges: [],
      title: 'Metadata',
      modelRef: 'auditMeta',
      shape: 'cylinder',
      color: 'amber',
      icon: 'tech:mongodb',
      style: {
        opacity: 15,
        size: 'md',
      },
      tags: [],
      kind: 'db',
      x: -3461,
      y: 2269,
      width: 320,
      height: 180,
      labelBBox: {
        x: 102,
        y: 76,
        width: 145,
        height: 24,
      },
      drifts: null,
    },
  ],
  edges: [
    {
      id: '140vq9l',
      source: 'worker',
      target: 'designer',
      label: null,
      points: [
        [
          791,
          3116,
        ],
        [
          860,
          3116,
        ],
        [
          942,
          3116,
        ],
        [
          1012,
          3116,
        ],
      ],
      labelBBox: null,
      parent: null,
      relations: [
        '1byuyj6',
      ],
      color: 'gray',
      line: 'dashed',
      head: 'normal',
      controlPoints: [
        {
          x: -2461,
          y: -514,
        },
      ],
      drifts: null,
      isLabelCustomized: false,
    },
    {
      id: '9jl563',
      source: 'designer',
      target: 'aad',
      label: 'Authentication',
      points: [
        [
          1266,
          3206,
        ],
        [
          1310,
          3252,
        ],
        [
          1366,
          3308,
        ],
        [
          1420,
          3354,
        ],
        [
          1540,
          3457,
        ],
        [
          1577,
          3476,
        ],
        [
          1710,
          3563,
        ],
        [
          1729,
          3576,
        ],
        [
          1749,
          3588,
        ],
        [
          1770,
          3601,
        ],
      ],
      labelBBox: {
        x: -2431,
        y: 787,
        width: 93,
        height: 18,
      },
      parent: null,
      relations: [
        '1nvx1pp',
      ],
      color: 'gray',
      line: 'dashed',
      head: 'normal',
      controlPoints: [
        {
          x: -2446,
          y: 509,
        },
        {
          x: -2422,
          y: 1513,
        },
        {
          x: -2413,
          y: 1799,
        },
      ],
      drifts: null,
      isLabelCustomized: false,
    },
    {
      id: '1qxsccn',
      source: 'designer',
      target: 'govukPay',
      label: 'Validate API key',
      points: [
        [
          -1252,
          406,
        ],
        [
          -727,
          631,
        ],
      ],
      labelBBox: {
        x: -2007,
        y: -526,
        width: 107,
        height: 18,
      },
      parent: null,
      relations: [
        '1ubw36u',
      ],
      color: 'gray',
      line: 'dashed',
      head: 'normal',
      controlPoints: [
        {
          x: -2007,
          y: -526,
        },
        {
          x: -1810,
          y: -705,
        },
      ],
      drifts: null,
      isLabelCustomized: false,
    },
    {
      id: 'gy2v7z',
      source: 'designer',
      target: 'ordnanceSurvey',
      label: 'Maps (geospatial)',
      points: [
        [
          -910,
          1119,
        ],
        [
          -191,
          1689,
        ],
      ],
      labelBBox: {
        x: -2002,
        y: -392,
        width: 115,
        height: 18,
      },
      parent: null,
      relations: [
        'rycoh4',
      ],
      color: 'gray',
      line: 'dashed',
      head: 'normal',
      controlPoints: [
        {
          x: -2002,
          y: -392,
        },
        {
          x: -1789,
          y: -522,
        },
      ],
      drifts: null,
      isLabelCustomized: false,
    },
    {
      id: '1snjsp2',
      source: 'designer',
      target: 'designerCache',
      label: null,
      points: [
        [
          -2587,
          -44,
        ],
        [
          -2462,
          4,
        ],
        [
          -2289,
          71,
        ],
        [
          -2162,
          120,
        ],
      ],
      labelBBox: null,
      parent: '@gr1',
      relations: [
        '11osaff',
      ],
      color: 'gray',
      line: 'dashed',
      head: 'normal',
      controlPoints: [
        {
          x: -2577,
          y: 213,
        },
      ],
      drifts: null,
      isLabelCustomized: false,
    },
    {
      id: '1smnbzb',
      source: 'designer',
      target: 'designerAudit',
      label: null,
      points: [
        [
          -2587,
          -105,
        ],
        [
          -2463,
          -105,
        ],
        [
          -2290,
          -105,
        ],
        [
          -2163,
          -105,
        ],
      ],
      labelBBox: null,
      parent: '@gr1',
      relations: [
        '1oxet8r',
      ],
      color: 'gray',
      line: 'dashed',
      head: 'normal',
      controlPoints: [
        {
          x: -2356,
          y: 154,
        },
      ],
      drifts: null,
      isLabelCustomized: false,
    },
    {
      id: '5qisl8',
      source: 'designer',
      target: 'manager',
      label: 'Publish form',
      points: [
        [
          1216,
          3026,
        ],
        [
          1253,
          2937,
        ],
        [
          1320,
          2803,
        ],
        [
          1420,
          2723,
        ],
        [
          1519,
          2643,
        ],
        [
          1658,
          2598,
        ],
        [
          1767,
          2574,
        ],
      ],
      labelBBox: {
        x: -1426,
        y: -120,
        width: 82,
        height: 18,
      },
      parent: null,
      relations: [
        '1t9oa8p',
      ],
      color: 'gray',
      line: 'dashed',
      head: 'normal',
      controlPoints: [
        {
          x: -2002,
          y: -115,
        },
        {
          x: -1475,
          y: -114,
        },
      ],
      drifts: null,
      isLabelCustomized: false,
    },
    {
      id: 'vvqi8t',
      source: 'manager',
      target: 'aad',
      label: 'Verify staff token (JWKS)',
      points: [
        [
          -1718,
          874,
        ],
        [
          -1948,
          1316,
        ],
      ],
      labelBBox: {
        x: -1695,
        y: 863,
        width: 160,
        height: 18,
      },
      parent: null,
      relations: [
        'opz4t6',
      ],
      color: 'gray',
      line: 'dashed',
      head: 'normal',
      controlPoints: [
        {
          x: -1695,
          y: 863,
        },
        {
          x: -1914,
          y: 1301,
        },
      ],
      drifts: null,
      isLabelCustomized: false,
    },
    {
      id: '16oswv8',
      source: 'manager',
      target: 'govNotify',
      label: 'Email form team (form offline)',
      points: [
        [
          353,
          -1,
        ],
        [
          1054,
          42,
        ],
      ],
      labelBBox: {
        x: 353,
        y: -1,
        width: 188,
        height: 18,
      },
      parent: null,
      relations: [
        '11haimc',
      ],
      color: 'gray',
      line: 'dashed',
      head: 'normal',
      controlPoints: [
        {
          x: 353,
          y: -1,
        },
        {
          x: 1054,
          y: 42,
        },
      ],
      drifts: null,
      isLabelCustomized: false,
    },
    {
      id: '201t0s',
      source: 'manager',
      target: 'managerDb',
      label: null,
      points: [
        [
          -1204,
          -85,
        ],
        [
          -1150,
          -85,
        ],
        [
          -1090,
          -85,
        ],
        [
          -1036,
          -85,
        ],
      ],
      labelBBox: null,
      parent: '@gr2',
      relations: [
        'rx9p2i',
      ],
      color: 'gray',
      line: 'dashed',
      head: 'normal',
      controlPoints: [
        {
          x: -1297,
          y: 147,
        },
      ],
      drifts: null,
      isLabelCustomized: false,
    },
    {
      id: '14pxzwn',
      source: 'manager',
      target: 'managerAudit',
      label: null,
      points: [
        [
          -1208,
          -175,
        ],
        [
          -1148,
          -210,
        ],
        [
          -1080,
          -250,
        ],
        [
          -1020,
          -285,
        ],
      ],
      labelBBox: null,
      parent: '@gr2',
      relations: [
        '1f5q7a8',
      ],
      color: 'gray',
      line: 'dashed',
      head: 'normal',
      controlPoints: [
        {
          x: -1096,
          y: 156,
        },
      ],
      drifts: null,
      isLabelCustomized: false,
    },
    {
      id: 'l8n5z0',
      source: 'citizen',
      target: 'runner',
      label: null,
      points: [
        [
          320,
          1099,
        ],
        [
          365,
          1099,
        ],
        [
          415,
          1099,
        ],
        [
          461,
          1099,
        ],
      ],
      labelBBox: null,
      parent: null,
      relations: [
        '108sf6e',
      ],
      color: 'gray',
      line: 'dashed',
      head: 'normal',
      controlPoints: [
        {
          x: 111,
          y: -513,
        },
      ],
      drifts: null,
      isLabelCustomized: false,
    },
    {
      id: '1uxzj8y',
      source: 'runner',
      target: 'govukPay',
      label: 'Take card payment (authorise + capture)',
      points: [
        [
          629,
          479,
        ],
        [
          847,
          725,
        ],
      ],
      labelBBox: {
        x: -492,
        y: -521,
        width: 257,
        height: 18,
      },
      parent: null,
      relations: [
        'hr6nul',
      ],
      color: 'gray',
      line: 'dashed',
      head: 'normal',
      controlPoints: [
        {
          x: -492,
          y: -521,
        },
        {
          x: -749,
          y: -699,
        },
      ],
      drifts: null,
      isLabelCustomized: false,
    },
    {
      id: '1eq82ka',
      source: 'runner',
      target: 'ordnanceSurvey',
      label: 'Address lookup and maps',
      points: [
        [
          619,
          1123,
        ],
        [
          854,
          1692,
        ],
      ],
      labelBBox: {
        x: -472,
        y: -386,
        width: 166,
        height: 18,
      },
      parent: null,
      relations: [
        '13g5exq',
      ],
      color: 'gray',
      line: 'dashed',
      head: 'normal',
      controlPoints: [
        {
          x: -472,
          y: -386,
        },
        {
          x: -743,
          y: -518,
        },
      ],
      drifts: null,
      isLabelCustomized: false,
    },
    {
      id: '129ad2d',
      source: 'runner',
      target: 'googleAnalytics',
      label: 'Analytics',
      points: [
        [
          622,
          794,
        ],
        [
          851,
          1198,
        ],
      ],
      labelBBox: {
        x: 497,
        y: -556,
        width: 60,
        height: 18,
      },
      parent: null,
      relations: [
        '1kla16r',
      ],
      color: 'gray',
      line: 'dashed',
      head: 'normal',
      controlPoints: [
        {
          x: 497,
          y: -556,
        },
        {
          x: 669,
          y: -760,
        },
      ],
      drifts: null,
      isLabelCustomized: false,
    },
    {
      id: 'qeah3t',
      source: 'runner',
      target: 'cdpUploader',
      label: 'Upload files',
      points: [
        [
          699,
          1189,
        ],
        [
          768,
          1280,
        ],
        [
          880,
          1425,
        ],
        [
          982,
          1545,
        ],
        [
          1016,
          1584,
        ],
        [
          1054,
          1626,
        ],
        [
          1088,
          1663,
        ],
      ],
      labelBBox: {
        x: 301,
        y: 445,
        width: 77,
        height: 18,
      },
      parent: null,
      relations: [
        'e4kkbb',
      ],
      color: 'gray',
      line: 'dashed',
      head: 'normal',
      controlPoints: [
        {
          x: 275,
          y: 374,
        },
        {
          x: 441,
          y: 846,
        },
      ],
      drifts: null,
      isLabelCustomized: false,
    },
    {
      id: '1jtk6sp',
      source: 'runner',
      target: 'manager',
      label: 'Fetch form',
      points: [
        [
          645,
          1189,
        ],
        [
          675,
          1358,
        ],
        [
          762,
          1723,
        ],
        [
          982,
          1928,
        ],
        [
          1220,
          2149,
        ],
        [
          1416,
          1967,
        ],
        [
          1675,
          2164,
        ],
        [
          1773,
          2239,
        ],
        [
          1848,
          2362,
        ],
        [
          1891,
          2449,
        ],
      ],
      labelBBox: {
        x: -613,
        y: -102,
        width: 71,
        height: 18,
      },
      parent: null,
      relations: [
        'k942p9',
      ],
      color: 'gray',
      line: 'dashed',
      head: 'normal',
      controlPoints: [
        {
          x: -571,
          y: -106,
        },
      ],
      drifts: null,
      isLabelCustomized: false,
    },
    {
      id: 'kjx1pi',
      source: 'runner',
      target: 'runnerCache',
      label: null,
      points: [
        [
          -28,
          -68,
        ],
        [
          41,
          -68,
        ],
        [
          122,
          -68,
        ],
        [
          192,
          -68,
        ],
      ],
      labelBBox: null,
      parent: '@gr3',
      relations: [
        '1bn6w6a',
      ],
      color: 'gray',
      line: 'dashed',
      head: 'normal',
      controlPoints: [
        {
          x: -3,
          y: 94,
        },
      ],
      drifts: null,
      isLabelCustomized: false,
    },
    {
      id: 'jdc281',
      source: 'runner',
      target: 'submissions',
      label: null,
      points: [
        [
          -28,
          -151,
        ],
        [
          42,
          -187,
        ],
        [
          124,
          -230,
        ],
        [
          194,
          -267,
        ],
      ],
      labelBBox: null,
      parent: '@gr3',
      relations: [
        '1645u07',
      ],
      color: 'gray',
      line: 'dashed',
      head: 'normal',
      controlPoints: [
        {
          x: 513,
          y: -97,
        },
      ],
      drifts: null,
      isLabelCustomized: false,
    },
    {
      id: 'rk4k1m',
      source: 'runner',
      target: 'saveTopic',
      label: 'Save progress',
      points: [
        [
          629,
          477,
        ],
        [
          847,
          722,
        ],
      ],
      labelBBox: {
        x: 106,
        y: 618,
        width: 94,
        height: 18,
      },
      parent: '@gr3',
      relations: [
        '13c9f95',
      ],
      color: 'gray',
      line: 'dashed',
      head: 'normal',
      controlPoints: [
        {
          x: 106,
          y: 618,
        },
        {
          x: 102,
          y: 923,
        },
      ],
      drifts: null,
      isLabelCustomized: false,
    },
    {
      id: '1d90ndx',
      source: 'designer',
      target: 'entitlements',
      label: '[...]',
      points: [
        [
          1342,
          3068,
        ],
        [
          1446,
          3038,
        ],
        [
          1585,
          2999,
        ],
        [
          1710,
          2971,
        ],
        [
          1899,
          2928,
        ],
        [
          2118,
          2889,
        ],
        [
          2265,
          2865,
        ],
      ],
      labelBBox: {
        x: -3150,
        y: -142,
        width: 25,
        height: 18,
      },
      parent: null,
      relations: [
        '17k565i',
        '1umrb8p',
      ],
      color: 'gray',
      line: 'dashed',
      head: 'normal',
      controlPoints: [
        {
          x: -2779,
          y: -118,
        },
        {
          x: -3256,
          y: -117,
        },
      ],
      drifts: null,
      isLabelCustomized: false,
    },
    {
      id: 'bgzk5v',
      source: 'manager',
      target: 'entitlements',
      label: 'Check entitlements',
      points: [
        [
          2092,
          2638,
        ],
        [
          2149,
          2671,
        ],
        [
          2213,
          2709,
        ],
        [
          2271,
          2743,
        ],
      ],
      labelBBox: {
        x: -2399,
        y: -575,
        width: 123,
        height: 18,
      },
      parent: null,
      relations: [
        '1qjsr86',
      ],
      color: 'gray',
      line: 'dashed',
      head: 'normal',
      controlPoints: [
        {
          x: -1865,
          y: -496,
        },
        {
          x: -2864,
          y: -514,
        },
      ],
      drifts: null,
      isLabelCustomized: false,
    },
    {
      id: '1n6jstg',
      source: 'entitlements',
      target: 'aad',
      label: 'Verify staff token (JWKS)',
      points: [
        [
          -3167,
          857,
        ],
        [
          -2928,
          1296,
        ],
      ],
      labelBBox: {
        x: -3167,
        y: 857,
        width: 160,
        height: 18,
      },
      parent: null,
      relations: [
        '1ef85es',
      ],
      color: 'gray',
      line: 'dashed',
      head: 'normal',
      controlPoints: [
        {
          x: -3167,
          y: 857,
        },
        {
          x: -2928,
          y: 1296,
        },
      ],
      isLabelCustomized: false,
    },
    {
      id: 'srhang',
      source: 'entitlements',
      target: 'entitlementsDb',
      label: null,
      points: [
        [
          -3788,
          -48,
        ],
        [
          -3732,
          -14,
        ],
        [
          -3669,
          25,
        ],
        [
          -3613,
          60,
        ],
      ],
      labelBBox: null,
      parent: '@gr4',
      relations: [
        'rrbqi1',
      ],
      color: 'gray',
      line: 'dashed',
      head: 'normal',
      controlPoints: [
        {
          x: -3795,
          y: 159,
        },
      ],
      drifts: null,
      isLabelCustomized: false,
    },
    {
      id: 'qigu87',
      source: 'entitlements',
      target: 'entitlementsAudit',
      label: null,
      points: [
        [
          -3775,
          -138,
        ],
        [
          -3730,
          -138,
        ],
        [
          -3681,
          -139,
        ],
        [
          -3635,
          -139,
        ],
      ],
      labelBBox: null,
      parent: '@gr4',
      relations: [
        'eekkp1',
      ],
      color: 'gray',
      line: 'dashed',
      head: 'normal',
      controlPoints: [
        {
          x: -3588,
          y: 151,
        },
      ],
      drifts: null,
      isLabelCustomized: false,
    },
    {
      id: '15dn8mx',
      source: 'cdpUploader',
      target: 'submissionApi',
      label: 'Scan, deliver to S3 and make a callback',
      points: [
        [
          1344,
          1804,
        ],
        [
          1469,
          1838,
        ],
        [
          1641,
          1885,
        ],
        [
          1767,
          1919,
        ],
      ],
      labelBBox: {
        x: -2,
        y: 1138,
        width: 253,
        height: 18,
      },
      parent: null,
      relations: [
        'w2tp0d',
      ],
      color: 'gray',
      line: 'dashed',
      head: 'normal',
      controlPoints: [
        {
          x: -120,
          y: 1152,
        },
      ],
      drifts: null,
      isLabelCustomized: false,
    },
    {
      id: '1io3dz3',
      source: 'designer',
      target: 'submissionApi',
      label: 'Retrieve files submitted by users',
      points: [
        [
          1206,
          3026,
        ],
        [
          1260,
          2829,
        ],
        [
          1414,
          2352,
        ],
        [
          1710,
          2080,
        ],
        [
          1727,
          2064,
        ],
        [
          1747,
          2050,
        ],
        [
          1768,
          2037,
        ],
      ],
      labelBBox: {
        x: -1847,
        y: 621,
        width: 206,
        height: 18,
      },
      parent: null,
      relations: [
        'q1e36a',
      ],
      color: 'gray',
      line: 'dashed',
      head: 'normal',
      controlPoints: [
        {
          x: -1881,
          y: 149,
        },
        {
          x: -1831,
          y: 385,
        },
        {
          x: -1841,
          y: 1139,
        },
      ],
      drifts: null,
      isLabelCustomized: false,
    },
    {
      id: '1x8k50q',
      source: 'runner',
      target: 'submissionApi',
      label: '[...]',
      points: [
        [
          -461,
          419,
        ],
        [
          -699,
          636,
        ],
      ],
      labelBBox: {
        x: -232,
        y: 801,
        width: 25,
        height: 18,
      },
      parent: null,
      relations: [
        '1kgs6i5',
        '1s8dcne',
      ],
      color: 'gray',
      line: 'dashed',
      head: 'normal',
      controlPoints: [
        {
          x: -54,
          y: 680,
        },
        {
          x: -717,
          y: 950,
        },
      ],
      drifts: null,
      isLabelCustomized: false,
    },
    {
      id: '1qcbd7i',
      source: 'submissionApi',
      target: 'aad',
      label: 'Verify staff token (JWKS)',
      points: [
        [
          -1743,
          1619,
        ],
        [
          -1932,
          1804,
        ],
      ],
      labelBBox: {
        x: -1743,
        y: 1619,
        width: 160,
        height: 18,
      },
      parent: null,
      relations: [
        '1t8iljz',
      ],
      color: 'gray',
      line: 'dashed',
      head: 'normal',
      controlPoints: [
        {
          x: -1743,
          y: 1619,
        },
        {
          x: -1932,
          y: 1804,
        },
      ],
      isLabelCustomized: false,
    },
    {
      id: 'f7z8x3',
      source: 'submissionApi',
      target: 'govNotify',
      label: 'Emails (download links, save and return)',
      points: [
        [
          314,
          742,
        ],
        [
          1028,
          555,
        ],
      ],
      labelBBox: {
        x: 314,
        y: 742,
        width: 256,
        height: 18,
      },
      parent: null,
      relations: [
        'i4x950',
      ],
      color: 'gray',
      line: 'dashed',
      head: 'normal',
      controlPoints: [
        {
          x: 314,
          y: 742,
        },
        {
          x: 1028,
          y: 555,
        },
      ],
      drifts: null,
      isLabelCustomized: false,
    },
    {
      id: '1ccjgr1',
      source: 'submissionApi',
      target: 'cognito',
      label: 'Verify external consumer tokens',
      points: [
        [
          689,
          1611,
        ],
        [
          1591,
          1819,
        ],
      ],
      labelBBox: {
        x: -1266,
        y: 1617,
        width: 204,
        height: 18,
      },
      parent: null,
      relations: [
        'voe7ov',
      ],
      color: 'gray',
      line: 'dashed',
      head: 'normal',
      controlPoints: [
        {
          x: -1266,
          y: 1617,
        },
        {
          x: -1262,
          y: 1828,
        },
      ],
      drifts: null,
      isLabelCustomized: false,
    },
    {
      id: '7sijkf',
      source: 'submissionApi',
      target: 'submissionMeta',
      label: null,
      points: [
        [
          -1387,
          1178,
        ],
        [
          -1333,
          1178,
        ],
        [
          -1273,
          1179,
        ],
        [
          -1219,
          1179,
        ],
      ],
      labelBBox: null,
      parent: '@gr5',
      relations: [
        '1qnus18',
      ],
      color: 'gray',
      line: 'dashed',
      head: 'normal',
      controlPoints: [
        {
          x: -1160,
          y: 1392,
        },
      ],
      drifts: null,
      isLabelCustomized: false,
    },
    {
      id: '17ydypz',
      source: 'submissionApi',
      target: 'submissionFiles',
      label: null,
      points: [
        [
          -1390,
          1087,
        ],
        [
          -1331,
          1053,
        ],
        [
          -1264,
          1014,
        ],
        [
          -1205,
          980,
        ],
      ],
      labelBBox: null,
      parent: '@gr5',
      relations: [
        'v2mhl3',
      ],
      color: 'gray',
      line: 'dashed',
      head: 'normal',
      controlPoints: [
        {
          x: -1402,
          y: 1393,
        },
      ],
      drifts: null,
      isLabelCustomized: false,
    },
    {
      id: 'xphlwa',
      source: 'saveTopic',
      target: 'saveQueue',
      label: null,
      points: [
        [
          1515,
          1384,
        ],
        [
          1629,
          1448,
        ],
        [
          1786,
          1536,
        ],
        [
          1902,
          1601,
        ],
      ],
      labelBBox: null,
      parent: null,
      relations: [
        'u66a2g',
      ],
      color: 'gray',
      line: 'dashed',
      head: 'normal',
      controlPoints: [
        {
          x: -251,
          y: 1642,
        },
      ],
      drifts: null,
      isLabelCustomized: false,
    },
    {
      id: '7j45u2',
      source: 'saveQueue',
      target: 'submissionApi',
      label: null,
      points: [
        [
          689,
          1472,
        ],
        [
          87,
          1376,
        ],
      ],
      labelBBox: null,
      parent: '@gr5',
      relations: [
        'gz83u3',
      ],
      color: 'gray',
      line: 'dashed',
      head: 'normal',
      controlPoints: [
        {
          x: -883,
          y: 1444,
        },
        {
          x: -1003,
          y: 1356,
        },
      ],
      drifts: null,
      isLabelCustomized: false,
    },
    {
      id: '1yzk1qz',
      source: 'auditApi',
      target: 'aad',
      label: 'Verify staff token (JWKS)',
      points: [
        [
          -2913,
          2097,
        ],
        [
          -2795,
          2136,
        ],
      ],
      labelBBox: {
        x: -2913,
        y: 2097,
        width: 160,
        height: 18,
      },
      parent: null,
      relations: [
        'de79ll',
      ],
      color: 'gray',
      line: 'dashed',
      head: 'normal',
      controlPoints: [
        {
          x: -2913,
          y: 2097,
        },
        {
          x: -2795,
          y: 2136,
        },
      ],
      isLabelCustomized: false,
    },
    {
      id: '1mpxr1r',
      source: 'auditApi',
      target: 'auditMeta',
      label: null,
      points: [
        [
          -2808,
          1440,
        ],
        [
          -2763,
          1440,
        ],
        [
          -2714,
          1440,
        ],
        [
          -2668,
          1440,
        ],
      ],
      labelBBox: null,
      parent: '@gr6',
      relations: [
        '1c1wbf2',
      ],
      color: 'gray',
      line: 'dashed',
      head: 'normal',
      controlPoints: [
        {
          x: -3304,
          y: 2158,
        },
      ],
      drifts: null,
      isLabelCustomized: false,
    },
    {
      id: 'pje5qo',
      source: 'designerAudit',
      target: 'auditEvents',
      label: null,
      points: [
        [
          2059,
          3203,
        ],
        [
          2111,
          3235,
        ],
        [
          2173,
          3268,
        ],
        [
          2235,
          3284,
        ],
        [
          2609,
          3383,
        ],
        [
          2769,
          3474,
        ],
        [
          3106,
          3284,
        ],
        [
          3239,
          3209,
        ],
        [
          3314,
          3040,
        ],
        [
          3349,
          2933,
        ],
      ],
      labelBBox: null,
      parent: null,
      relations: [
        'l0jd8f',
      ],
      color: 'gray',
      line: 'dashed',
      head: 'normal',
      controlPoints: [
        {
          x: -2252,
          y: 640,
        },
        {
          x: -3140,
          y: 953,
        },
      ],
      drifts: null,
      isLabelCustomized: false,
    },
    {
      id: '1pdpahy',
      source: 'managerAudit',
      target: 'auditEvents',
      label: null,
      points: [
        [
          2582,
          2343,
        ],
        [
          2718,
          2423,
        ],
        [
          2927,
          2547,
        ],
        [
          3106,
          2659,
        ],
        [
          3150,
          2687,
        ],
        [
          3197,
          2717,
        ],
        [
          3240,
          2745,
        ],
      ],
      labelBBox: null,
      parent: null,
      relations: [
        '1l7jfew',
      ],
      color: 'gray',
      line: 'dashed',
      head: 'normal',
      controlPoints: [
        {
          x: -991,
          y: 627,
        },
        {
          x: -2755,
          y: 1006,
        },
        {
          x: -3109,
          y: 1340,
        },
        {
          x: -3223,
          y: 1554,
        },
      ],
      drifts: null,
      isLabelCustomized: false,
    },
    {
      id: 'fljmf3',
      source: 'entitlementsAudit',
      target: 'auditEvents',
      label: null,
      points: [
        [
          3067,
          2837,
        ],
        [
          3112,
          2837,
        ],
        [
          3161,
          2837,
        ],
        [
          3207,
          2837,
        ],
      ],
      labelBBox: null,
      parent: null,
      relations: [
        'zs5zef',
      ],
      color: 'gray',
      line: 'dashed',
      head: 'normal',
      controlPoints: [
        {
          x: -3439,
          y: 1071,
        },
      ],
      drifts: null,
      isLabelCustomized: false,
    },
    {
      id: '1r75nbh',
      source: 'auditEvents',
      target: 'auditApi',
      label: null,
      points: [
        [
          -3279,
          1440,
        ],
        [
          -3234,
          1440,
        ],
        [
          -3184,
          1440,
        ],
        [
          -3138,
          1440,
        ],
      ],
      labelBBox: null,
      parent: '@gr6',
      relations: [
        '1rsqopw',
      ],
      color: 'gray',
      line: 'dashed',
      head: 'normal',
      controlPoints: [
        {
          x: -3306,
          y: 1815,
        },
      ],
      drifts: null,
      isLabelCustomized: false,
    },
    {
      id: '1nijq6b',
      source: 'submissions',
      target: 'notifyQueue',
      label: null,
      points: [
        [
          1342,
          856,
        ],
        [
          1465,
          889,
        ],
        [
          1636,
          936,
        ],
        [
          1763,
          970,
        ],
      ],
      labelBBox: null,
      parent: null,
      relations: [
        'r1bw95',
      ],
      color: 'gray',
      line: 'dashed',
      head: 'normal',
      controlPoints: [
        {
          x: 1230,
          y: 29,
        },
      ],
      drifts: null,
      isLabelCustomized: false,
    },
    {
      id: '1nwabxh',
      source: 'notifyQueue',
      target: 'notifyListener',
      label: null,
      points: [
        [
          2108,
          373,
        ],
        [
          2108,
          340,
        ],
        [
          2108,
          307,
        ],
        [
          2108,
          273,
        ],
      ],
      labelBBox: null,
      parent: '@gr7',
      relations: [
        'cxz972',
      ],
      color: 'gray',
      line: 'dashed',
      head: 'normal',
      controlPoints: [
        {
          x: 1823,
          y: 170,
        },
      ],
      drifts: null,
      isLabelCustomized: false,
    },
    {
      id: '187h6wa',
      source: 'notifyListener',
      target: 'govNotify',
      label: null,
      points: [
        [
          2096,
          731,
        ],
        [
          2150,
          731,
        ],
        [
          2210,
          731,
        ],
        [
          2265,
          731,
        ],
      ],
      labelBBox: null,
      parent: null,
      relations: [
        '1ru3zhi',
      ],
      color: 'gray',
      line: 'dashed',
      head: 'normal',
      controlPoints: [
        {
          x: 2356,
          y: 156,
        },
      ],
      drifts: null,
      isLabelCustomized: false,
    },
    {
      id: 'wk9m4h',
      source: 'submissions',
      target: 'sharepointQueue',
      label: null,
      points: [
        [
          1342,
          734,
        ],
        [
          1447,
          682,
        ],
        [
          1586,
          613,
        ],
        [
          1710,
          553,
        ],
        [
          1721,
          547,
        ],
        [
          1734,
          541,
        ],
        [
          1746,
          536,
        ],
      ],
      labelBBox: null,
      parent: null,
      relations: [
        '1k1tsng',
      ],
      color: 'gray',
      line: 'dashed',
      head: 'normal',
      controlPoints: [
        {
          x: 1098,
          y: -199,
        },
        {
          x: 1418,
          y: -403,
        },
      ],
      drifts: null,
      isLabelCustomized: false,
    },
    {
      id: '1ihhap1',
      source: 'sharepointQueue',
      target: 'sharepointListener',
      label: null,
      points: [
        [
          2086,
          -319,
        ],
        [
          2086,
          -352,
        ],
        [
          2086,
          -385,
        ],
        [
          2086,
          -419,
        ],
      ],
      labelBBox: null,
      parent: '@gr8',
      relations: [
        '1bcet7v',
      ],
      color: 'gray',
      line: 'dashed',
      head: 'normal',
      controlPoints: [
        {
          x: 1835,
          y: -522,
        },
      ],
      drifts: null,
      isLabelCustomized: false,
    },
    {
      id: '1nr5h0s',
      source: 'sharepointListener',
      target: 'sharepointApi',
      label: null,
      points: [
        [
          2096,
          159,
        ],
        [
          2150,
          159,
        ],
        [
          2210,
          159,
        ],
        [
          2265,
          159,
        ],
      ],
      labelBBox: null,
      parent: null,
      relations: [
        '1ewrzpf',
      ],
      color: 'gray',
      line: 'dashed',
      head: 'normal',
      controlPoints: [
        {
          x: 2349,
          y: -522,
        },
      ],
      drifts: null,
      isLabelCustomized: false,
    },
    {
      id: '1xcohk6',
      source: 'runner',
      target: 'exTopic',
      label: null,
      points: [
        [
          791,
          1183,
        ],
        [
          861,
          1219,
        ],
        [
          943,
          1262,
        ],
        [
          1013,
          1300,
        ],
      ],
      labelBBox: null,
      parent: null,
      relations: [
        'k5f9nn',
      ],
      color: 'gray',
      line: 'dashed',
      head: 'normal',
      controlPoints: [
        {
          x: 816,
          y: 264,
        },
      ],
      drifts: null,
      isLabelCustomized: false,
    },
    {
      id: 'rj8vtm',
      source: 'exTopic',
      target: 'exQueue',
      label: null,
      points: [
        [
          1724,
          655,
        ],
        [
          1849,
          655,
        ],
        [
          2022,
          655,
        ],
        [
          2149,
          655,
        ],
      ],
      labelBBox: null,
      parent: '@gr9',
      relations: [
        'a6anh6',
      ],
      color: 'gray',
      line: 'dashed',
      head: 'normal',
      controlPoints: [
        {
          x: 1823,
          y: 652,
        },
      ],
      drifts: null,
      isLabelCustomized: false,
    },
    {
      id: '15qb4rp',
      source: 'exQueue',
      target: 'exListener',
      label: null,
      points: [
        [
          2478,
          655,
        ],
        [
          2532,
          655,
        ],
        [
          2592,
          655,
        ],
        [
          2647,
          655,
        ],
      ],
      labelBBox: null,
      parent: '@gr9',
      relations: [
        '1pix4zo',
      ],
      color: 'gray',
      line: 'dashed',
      head: 'normal',
      controlPoints: [
        {
          x: 2348,
          y: 648,
        },
      ],
      drifts: null,
      isLabelCustomized: false,
    },
    {
      id: '1ngnzgs',
      source: 'exListener',
      target: 'externalApi',
      label: null,
      points: [
        [
          2977,
          655,
        ],
        [
          3022,
          655,
        ],
        [
          3072,
          655,
        ],
        [
          3118,
          655,
        ],
      ],
      labelBBox: null,
      parent: '@gr9',
      relations: [
        'k29urp',
      ],
      color: 'gray',
      line: 'dashed',
      head: 'normal',
      controlPoints: [
        {
          x: 2871,
          y: 645,
        },
      ],
      drifts: null,
      isLabelCustomized: false,
    },
  ],
  _layout: 'manual',
}
